 game

 Timestamp is 59d3aa26 (Tue Oct 03 17:17:58 2017)

 Preferred load address is 0000000180000000

 Start         Length     Name                   Class
 0001:00000000 0001c000H .text                   CODE
 0001:0001c000 00000384H .text$x                 CODE
 0001:0001c390 00000057H .text$yc                CODE
 0002:00000000 000002b0H .idata$5                DATA
 0002:000002b0 00000008H .CRT$XCA                DATA
 0002:000002b8 00000008H .CRT$XCU                DATA
 0002:000002c0 00000008H .CRT$XCZ                DATA
 0002:000002c8 00000008H .CRT$XIA                DATA
 0002:000002d0 00000020H .CRT$XIC                DATA
 0002:000002f0 00000008H .CRT$XIZ                DATA
 0002:000002f8 00000008H .CRT$XPA                DATA
 0002:00000300 00000010H .CRT$XPX                DATA
 0002:00000310 00000008H .CRT$XPXA               DATA
 0002:00000318 00000008H .CRT$XPZ                DATA
 0002:00000320 00000008H .CRT$XTA                DATA
 0002:00000328 00000008H .CRT$XTZ                DATA
 0002:00000330 00008690H .rdata                  DATA
 0002:000089c0 0000005cH .rdata$debug            DATA
 0002:00008a20 00000008H .rtc$IAA                DATA
 0002:00008a28 00000008H .rtc$IZZ                DATA
 0002:00008a30 00000008H .rtc$TAA                DATA
 0002:00008a38 00000008H .rtc$TZZ                DATA
 0002:00008a40 000012c8H .xdata                  DATA
 0002:00009d08 00000028H .idata$2                DATA
 0002:00009d30 00000014H .idata$3                DATA
 0002:00009d48 000002b0H .idata$4                DATA
 0002:00009ff8 000005fcH .idata$6                DATA
 0002:0000a600 00000053H .edata                  DATA
 0003:00000000 000026ecH .data                   DATA
 0003:00002700 00002520H .bss                    DATA
 0004:00000000 00001224H .pdata                  DATA

  Address         Publics by Value              Rva+Base               Lib:Object

 0000:00000000       ___safe_se_handler_table   0000000000000000     <absolute>
 0000:00000000       ___safe_se_handler_count   0000000000000000     <absolute>
 0000:00000000       __ImageBase                0000000180000000     <linker-defined>
 0001:00000000       ?setup_gl@@YAXXZ           0000000180001000 f   game.obj
 0001:00000430       ?create_from_source_files@gl_program_builder@@YAIAEAUMemoryArena@@PEBD11@Z 0000000180001430 f   game.obj
 0001:00000600       ?create_from_strings@gl_program_builder@@YAIPEBD00@Z 0000000180001600 f   game.obj
 0001:00000740       ?create_from_binary_file@gl_program_builder@@YAIPEBD@Z 0000000180001740 f   game.obj
 0001:00000770       ?validate_program@gl_program_builder@@YA_NI@Z 0000000180001770 f   game.obj
 0001:00000840       ?write_to_binary_file@gl_program_builder@@YAXAEAUMemoryArena@@IPEBD@Z 0000000180001840 f   game.obj
 0001:00000930       ?mm_matrix_mul@@YAXPEAM00@Z 0000000180001930 f   game.obj
 0001:00001100       ?print_matrix@@YAXPEAM@Z   0000000180002100 f   game.obj
 0001:000011a0       ?set_projection@@YAXAEAUCamera@@M@Z 00000001800021a0 f   game.obj
 0001:00001250       ?setup_camera@@YAXAEAUCamera@@Uv3@@M@Z 0000000180002250 f   game.obj
 0001:00001330       ?set_projection@@YAXAEAUCamera@@MM@Z 0000000180002330 f   game.obj
 0001:000013e0       ?setup_camera@@YAXAEAUCamera@@Uv3@@MM@Z 00000001800023e0 f   game.obj
 0001:000014c0       ?begin_frame@@YAXAEAUCamera@@H@Z 00000001800024c0 f   game.obj
 0001:000015b0       ?skeleton_get_vertices@@YAXAEAUSkeleton@@PEAUv3@@@Z 00000001800025b0 f   game.obj
 0001:00001940       ?ray_ray@intersection@@YAXAEBUv3@@000PEAURayRay@1@@Z 0000000180002940 f   game.obj
 0001:00001b60       ?raycast@@YA?AURaycastResults@@AEAUAABBTree@@AEAURay@@@Z 0000000180002b60 f   game.obj
 0001:00002be0       ?add_program@@YAHAEAURenderer@@II@Z 0000000180003be0 f   game.obj
 0001:00002d00       ?add_to_program@@YAXAEAURenderer@@HPEAURenderable@@@Z 0000000180003d00 f   game.obj
 0001:00002d60       ?render@@YAXAEAURenderer@@AEAUCamera@@I@Z 0000000180003d60 f   game.obj
 0001:00002ea0       ?update_components@@YAXAEAUComponentGroup@@M@Z 0000000180003ea0 f   game.obj
 0001:00002ef0       ?spawn_entity@@YAXAEAUComponentGroup@@AEAUEntity@@W4EntityType@@HUv3@@@Z 0000000180003ef0 f   game.obj
 0001:000035b0       ?update@component_glue@@YAXPEAUEntity@@HM@Z 00000001800045b0 f   game.obj
 0001:00003790       ?setup_fbo@@YAXAEAUFBO@@HHH@Z 0000000180004790 f   game.obj
 0001:00003970       ?load_image@@YAXPEAUEngineApi@@AEAURenderPipe@@@Z 0000000180004970 f   game.obj
 0001:00003ac0       ?setup@@YAXPEAUEngineApi@@AEAURenderPipe@@HH@Z 0000000180004ac0 f   game.obj
 0001:000043c0       ?set_light_position@@YAXAEAURenderPipe@@AEAUCamera@@Uv3@@@Z 00000001800053c0 f   game.obj
 0001:00004550       ?render_bloom@@YAXAEAURenderPipe@@@Z 0000000180005550 f   game.obj
 0001:00004830       ?render_shadowmap@@YAXAEAURenderPipe@@AEAUComponentGroup@@AEAUCamera@@@Z 0000000180005830 f   game.obj
 0001:000049b0       ?render_test@@YAXAEAURenderPipe@@AEAUComponentGroup@@AEAUCamera@@@Z 00000001800059b0 f   game.obj
 0001:00004a20       ?render_lightmap@@YAXAEAURenderPipe@@AEAUComponentGroup@@AEAUCamera@@@Z 0000000180005a20 f   game.obj
 0001:00004c00       ?render_combine@@YAXAEAURenderPipe@@@Z 0000000180005c00 f   game.obj
 0001:00004c80       reload                     0000000180005c80 f   game.obj
 0001:00004f10       update                     0000000180005f10 f   game.obj
 0001:00006060       ??0RayRay@intersection@@QEAA@XZ 0000000180007060 f i game.obj
 0001:000060a0       ??0TempAllocator@@QEAA@PEAUMemoryArena@@@Z 00000001800070a0 f i game.obj
 0001:00006110       ??1TempAllocator@@QEAA@XZ  0000000180007110 f i game.obj
 0001:00006150       ??D@YA?AUm4@@U0@0@Z        0000000180007150 f i game.obj
 0001:000061e0       ??D@YA?AUv2_f32@@MU0@@Z    00000001800071e0 f i game.obj
 0001:00006230       ??D@YA?AUv3@@MU0@@Z        0000000180007230 f i game.obj
 0001:000062f0       ??D@YA?AUv3@@U0@M@Z        00000001800072f0 f i game.obj
 0001:00006390       ??D@YA?AUv4@@Um4@@U0@@Z    0000000180007390 f i game.obj
 0001:00006600       ??G@YA?AUv3@@U0@0@Z        0000000180007600 f i game.obj
 0001:000066d0       ??G@YA?AUv3@@U0@@Z         00000001800076d0 f i game.obj
 0001:00006780       ??H@YA?AUAABB@@AEAU0@0@Z   0000000180007780 f i game.obj
 0001:000069d0       ??H@YA?AUv3@@U0@0@Z        00000001800079d0 f i game.obj
 0001:00006aa0       ??X@YAAEAUm4@@AEAU0@U0@@Z  0000000180007aa0 f i game.obj
 0001:00006b20       ??Y@YAAEAUv3@@AEAU0@U0@@Z  0000000180007b20 f i game.obj
 0001:00006bd0       ?Matrix4x4@@YA?AUm4@@MMMMMMMMMMMMMMMM@Z 0000000180007bd0 f i game.obj
 0001:00006d20       ?V2_f32@@YA?AUv2_f32@@MM@Z 0000000180007d20 f i game.obj
 0001:00006d50       ?V3@@YA?AUv3@@MMM@Z        0000000180007d50 f i game.obj
 0001:00006dd0       ?V4@@YA?AUv4@@Uv3@@M@Z     0000000180007dd0 f i game.obj
 0001:00006e60       ?_allocate_block@@YAPEAUMemoryBlock@@_K@Z 0000000180007e60 f i game.obj
 0001:00006ec0       ?_get_frame@AnimationComponent@animation_component@@QEAAHAEAUAnimation@@@Z 0000000180007ec0 f i game.obj
 0001:00006ef0       ?_insert_node@AABBTree@@QEAAHHH@Z 0000000180007ef0 f i game.obj
 0001:00007370       ?_push_size@@YAPEAXAEAUMemoryArena@@_K_NI@Z 0000000180008370 f i game.obj
 0001:00007590       ?add@ActorComponent@actor_component@@QEAAHW4ShapeType@@AEAUm4@@PEAUv3@@H@Z 0000000180008590 f i game.obj
 0001:00007770       ?add@AnimationComponent@animation_component@@QEAAHPEAUAnimationData@@@Z 0000000180008770 f i game.obj
 0001:00007850       ?add@ModelComponent@model_component@@QEAAHUv3@@PEAGHPEAU3@HII@Z 0000000180008850 f i game.obj
 0001:00007b10       ?add@MoverComponent@mover_component@@QEAAHUv3@@@Z 0000000180008b10 f i game.obj
 0001:00007be0       ?add_acceleration@MoverComponent@mover_component@@QEAAXHUv3@@@Z 0000000180008be0 f i game.obj
 0001:00007c40       ?area@@YAMUAABB@@@Z        0000000180008c40 f i game.obj
 0001:00007c60       ?begin_block@@YA?AUMemoryBlockHandle@@AEAUMemoryArena@@@Z 0000000180008c60 f i game.obj
 0001:00007cb0       ?clamp@@YAMMMM@Z           0000000180008cb0 f i game.obj
 0001:00007d00       ?cross@@YA?AUv3@@U1@0@Z    0000000180008d00 f i game.obj
 0001:00007e40       ?deinit_node@AABBTree@@QEAAXAEAUNode@@@Z 0000000180008e40 f i game.obj
 0001:00007e70       ?did_hit@RayAABB@intersection@@QEAA_NXZ 0000000180008e70 f i game.obj
 0001:00007ed0       ?did_hit@RayRay@intersection@@QEAA_NXZ 0000000180008ed0 f i game.obj
 0001:00007f20       ?dot@@YAMUv2_f32@@0@Z      0000000180008f20 f i game.obj
 0001:00007f50       ?dot@@YAMUv3@@0@Z          0000000180008f50 f i game.obj
 0001:00007fa0       ?end_block@@YAXAEAUMemoryArena@@UMemoryBlockHandle@@@Z 0000000180008fa0 f i game.obj
 0001:00008010       ?float_equal@@YAHMMM@Z     0000000180009010 f i game.obj
 0001:00008060       ?get_alignment_offset@@YA_KPEAUMemoryBlock@@I@Z 0000000180009060 f i game.obj
 0001:000080d0       ?get_filesize@@YA_KPEAU_iobuf@@@Z 00000001800090d0 f i game.obj
 0001:00008170       ?get_pagesize@@YA_KXZ      0000000180009170 f i game.obj
 0001:00008190       ?get_position@MoverComponent@mover_component@@QEAA?AUv3@@H@Z 0000000180009190 f i game.obj
 0001:000081d0       ?get_skeleton_vertex_count@AnimationComponent@animation_component@@QEAAHH@Z 00000001800091d0 f i game.obj
 0001:00008200       ?get_skeleton_vertices@AnimationComponent@animation_component@@QEAAPEAUv3@@H@Z 0000000180009200 f i game.obj
 0001:00008270       ?identity@@YA?AUm4@@XZ     0000000180009270 f i game.obj
 0001:00008390       ?init_node@AABBTree@@QEAAXHHHH@Z 0000000180009390 f i game.obj
 0001:000083f0       ?insert_node@AABBTree@@QEAAHAEAUAABB@@@Z 00000001800093f0 f i game.obj
 0001:00008490       ?inside@@YA_NAEAUAABB@@AEAUv3@@@Z 0000000180009490 f i game.obj
 0001:00008520       ?length@@YAMUv2_f32@@@Z    0000000180009520 f i game.obj
 0001:00008550       ?length@@YAMUv3@@@Z        0000000180009550 f i game.obj
 0001:00008590       ?length_squared@@YAMUv2_f32@@@Z 0000000180009590 f i game.obj
 0001:000085b0       ?length_squared@@YAMUv3@@@Z 00000001800095b0 f i game.obj
 0001:00008600       ?lerp@@YA?AUv3@@U1@0M@Z    0000000180009600 f i game.obj
 0001:00008710       ?lerp@@YAMMMM@Z            0000000180009710 f i game.obj
 0001:00008750       ?look_at@@YA?AUm4@@Uv3@@00@Z 0000000180009750 f i game.obj
 0001:00008c80       ?make_aabb@@YA?AUAABB@@MMMM@Z 0000000180009c80 f i game.obj
 0001:00008d10       ?make_animation_data@@YA?AUAnimationData@@PEAUv3@@HH@Z 0000000180009d10 f i game.obj
 0001:00008d70       ?make_ray@@YA?AURay@@AEAUv3@@0@Z 0000000180009d70 f i game.obj
 0001:00008ec0       ?multiply_perspective@@YA?AUv3@@Um4@@U1@@Z 0000000180009ec0 f i game.obj
 0001:00009090       ?new_id@AABBTree@@QEAAHXZ  000000018000a090 f i game.obj
 0001:00009190       ?normal@RayRay@intersection@@QEAA?AUv3@@XZ 000000018000a190 f i game.obj
 0001:00009260       ?normalize@@YA?AUv3@@U1@@Z 000000018000a260 f i game.obj
 0001:00009330       ?normalize_or_zero@@YA?AUv2_f32@@U1@@Z 000000018000a330 f i game.obj
 0001:000093c0       ?open_file@@YAPEAU_iobuf@@PEBDPEA_K@Z 000000018000a3c0 f i game.obj
 0001:00009470       ?orthographic@@YA?AUm4@@MMMM@Z 000000018000a470 f i game.obj
 0001:00009610       ?perspective@@YA?AUm4@@MMMM@Z 000000018000a610 f i game.obj
 0001:000097d0       ?perspective_fov@@YA?AUm4@@MMMM@Z 000000018000a7d0 f i game.obj
 0001:000098f0       ?play@AudioManager@@QEAAHPEAUEngineApi@@PEBDM@Z 000000018000a8f0 f i game.obj
 0001:00009a00       ?promote_sibling@AABBTree@@QEAAXHH@Z 000000018000aa00 f i game.obj
 0001:00009b10       ?raycast@ActorComponent@actor_component@@QEAA?AURaycastResults@@AEAURay@@@Z 000000018000ab10 f i game.obj
 0001:00009ba0       ?remove_node@AABBTree@@QEAAXH@Z 000000018000aba0 f i game.obj
 0001:00009e20       ?render@ModelComponent@model_component@@QEAAXHH@Z 000000018000ae20 f i game.obj
 0001:00009eb0       ?rotate@ModelComponent@model_component@@QEAAXHM@Z 000000018000aeb0 f i game.obj
 0001:0000a010       ?safe_divide@@YAMMMM@Z     000000018000b010 f i game.obj
 0001:0000a060       ?set_animation@AnimationComponent@animation_component@@QEAAXHPEAUAnimationData@@@Z 000000018000b060 f i game.obj
 0001:0000a120       ?set_pose@ActorComponent@actor_component@@QEAAXHAEAUm4@@@Z 000000018000b120 f i game.obj
 0001:0000a240       ?set_position@@YAXAEAUCamera@@Uv3@@@Z 000000018000b240 f i game.obj
 0001:0000a370       ?set_position@ModelComponent@model_component@@QEAAXHUv3@@@Z 000000018000b370 f i game.obj
 0001:0000a3d0       ?set_translation@@YAXAEAUm4@@Uv3@@@Z 000000018000b3d0 f i game.obj
 0001:0000a440       ?set_volume@AudioManager@@QEAAXHM@Z 000000018000b440 f i game.obj
 0001:0000a480       ?set_volume@AudioManager@@QEAAXHMM@Z 000000018000b480 f i game.obj
 0001:0000a500       ?setup_arena@@YAXAEAUMemoryArena@@_K_NI@Z 000000018000b500 f i game.obj
 0001:0000a5b0       ?translation@@YA?AUv3@@AEAUm4@@@Z 000000018000b5b0 f i game.obj
 0001:0000a650       ?update@AnimationComponent@animation_component@@QEAAXM@Z 000000018000b650 f i game.obj
 0001:0000a970       ?update@AudioManager@@QEAAXAEAUMemoryArena@@PEAUEngineApi@@M@Z 000000018000b970 f i game.obj
 0001:0000ae90       ?update@MoverComponent@mover_component@@QEAAXM@Z 000000018000be90 f i game.obj
 0001:0000b110       ?update_pose@ActorComponent@actor_component@@QEAAXAEAUm4@@PEAUv3@@HAEAUAABB@@@Z 000000018000c110 f i game.obj
 0001:0000b380       ?update_vertices@ModelComponent@model_component@@QEAAXHPEAGHPEAUv3@@H@Z 000000018000c380 f i game.obj
 0001:0000b4a0       ?update_vertices@ModelComponent@model_component@@QEAAXHPEAUv3@@@Z 000000018000c4a0 f i game.obj
 0001:0000b570       ?virtual_allocation@@YAPEAX_K@Z 000000018000c570 f i game.obj
 0001:0000b5b0       fabsf                      000000018000c5b0 f i game.obj
 0001:0000b5d0       __initstdio                000000018000c5d0 f   LIBCMT:_file.obj
 0001:0000b668       __endstdio                 000000018000c668 f   LIBCMT:_file.obj
 0001:0000b698       __iob_func                 000000018000c698 f   LIBCMT:_file.obj
 0001:0000b6a0       _lock_file                 000000018000c6a0 f   LIBCMT:_file.obj
 0001:0000b708       _lock_file2                000000018000c708 f   LIBCMT:_file.obj
 0001:0000b73c       _unlock_file               000000018000c73c f   LIBCMT:_file.obj
 0001:0000b78c       _unlock_file2              000000018000c78c f   LIBCMT:_file.obj
 0001:0000b7ac       _fclose_nolock             000000018000c7ac f   LIBCMT:fclose.obj
 0001:0000b828       fclose                     000000018000c828 f   LIBCMT:fclose.obj
 0001:0000b890       _fflush_nolock             000000018000c890 f   LIBCMT:fflush.obj
 0001:0000b8dc       _flush                     000000018000c8dc f   LIBCMT:fflush.obj
 0001:0000b958       _flushall                  000000018000c958 f   LIBCMT:fflush.obj
 0001:0000b964       fflush                     000000018000c964 f   LIBCMT:fflush.obj
 0001:0000ba90       _fsopen                    000000018000ca90 f   LIBCMT:fopen.obj
 0001:0000bb68       fopen_s                    000000018000cb68 f   LIBCMT:fopen.obj
 0001:0000bbbc       fprintf                    000000018000cbbc f   LIBCMT:fprintf.obj
 0001:0000bce4       _fread_nolock_s            000000018000cce4 f   LIBCMT:fread.obj
 0001:0000bf04       fread                      000000018000cf04 f   LIBCMT:fread.obj
 0001:0000bf24       fread_s                    000000018000cf24 f   LIBCMT:fread.obj
 0001:0000bfcc       _fseek_nolock              000000018000cfcc f   LIBCMT:fseek.obj
 0001:0000c078       fseek                      000000018000d078 f   LIBCMT:fseek.obj
 0001:0000c0ec       _ftell_nolock              000000018000d0ec f   LIBCMT:ftell.obj
 0001:0000c3e0       ftell                      000000018000d3e0 f   LIBCMT:ftell.obj
 0001:0000c438       _fwrite_nolock             000000018000d438 f   LIBCMT:fwrite.obj
 0001:0000c5c8       fwrite                     000000018000d5c8 f   LIBCMT:fwrite.obj
 0001:0000c658       _get_printf_count_output   000000018000d658 f   LIBCMT:printf.obj
 0001:0000c670       printf                     000000018000d670 f   LIBCMT:printf.obj
 0001:0000c71c       free                       000000018000d71c f   LIBCMT:free.obj
 0001:0000c770       memmove                    000000018000d770     LIBCMT:memcpy.obj
 0001:0000c770       memcpy                     000000018000d770 f   LIBCMT:memcpy.obj
 0001:0000cc70       memset                     000000018000dc70 f   LIBCMT:memset.obj
 0001:0000cd7c       fabs                       000000018000dd7c f   LIBCMT:fabs.obj
 0001:0000ce60       sqrt                       000000018000de60 f   LIBCMT:sqrt.obj
 0001:0000cf60       cosf                       000000018000df60 f   LIBCMT:cosf.obj
 0001:0000d260       sinf                       000000018000e260 f   LIBCMT:sinf.obj
 0001:0000d850       tanf                       000000018000e850 f   LIBCMT:tanf.obj
 0001:0000dbb8       sqrtf                      000000018000ebb8 f   LIBCMT:sqrtf.obj
 0001:0000dc94       __GSHandlerCheck           000000018000ec94 f   LIBCMT:gshandler.obj
 0001:0000dcb4       __GSHandlerCheckCommon     000000018000ecb4 f   LIBCMT:gshandler.obj
 0001:0000dd30       __security_check_cookie    000000018000ed30 f   LIBCMT:amdsecgs.obj
 0001:0000dd50       _fpmath                    000000018000ed50 f   LIBCMT:fpinit.obj
 0001:0000dd58       _cfltcvt_init              000000018000ed58 f   LIBCMT:fpinit.obj
 0001:0000dde0       _CRT_INIT                  000000018000ede0 f   LIBCMT:dllcrt0.obj
 0001:0000df40       _DllMainCRTStartup         000000018000ef40 f   LIBCMT:dllcrt0.obj
 0001:0000e0a0       _fcloseall                 000000018000f0a0 f   LIBCMT:closeall.obj
 0001:0000e148       _lock                      000000018000f148 f   LIBCMT:mlock.obj
 0001:0000e18c       _mtdeletelocks             000000018000f18c f   LIBCMT:mlock.obj
 0001:0000e214       _mtinitlocknum             000000018000f214 f   LIBCMT:mlock.obj
 0001:0000e2d0       _mtinitlocks               000000018000f2d0 f   LIBCMT:mlock.obj
 0001:0000e330       _unlock                    000000018000f330 f   LIBCMT:mlock.obj
 0001:0000e348       _calloc_crt                000000018000f348 f   LIBCMT:crtheap.obj
 0001:0000e3c8       _malloc_crt                000000018000f3c8 f   LIBCMT:crtheap.obj
 0001:0000e444       _realloc_crt               000000018000f444 f   LIBCMT:crtheap.obj
 0001:0000e4c8       __copy_path_to_wide_string 000000018000f4c8 f   LIBCMT:crt0dat.obj
 0001:0000e5c8       __crtCorExitProcess        000000018000f5c8 f   LIBCMT:crt0dat.obj
 0001:0000e60c       __crtExitProcess           000000018000f60c f   LIBCMT:crt0dat.obj
 0001:0000e624       __freeCrtMemory            000000018000f624 f   LIBCMT:crt0dat.obj
 0001:0000e76c       _amsg_exit                 000000018000f76c f   LIBCMT:crt0dat.obj
 0001:0000e794       _cexit                     000000018000f794 f   LIBCMT:crt0dat.obj
 0001:0000e7a4       _cinit                     000000018000f7a4 f   LIBCMT:crt0dat.obj
 0001:0000e854       _exit                      000000018000f854 f   LIBCMT:crt0dat.obj
 0001:0000e860       _init_pointers             000000018000f860 f   LIBCMT:crt0dat.obj
 0001:0000e8e0       _initterm_e                000000018000f8e0 f   LIBCMT:crt0dat.obj
 0001:0000e91c       _lockexit                  000000018000f91c f   LIBCMT:crt0dat.obj
 0001:0000e928       _unlockexit                000000018000f928 f   LIBCMT:crt0dat.obj
 0001:0000eacc       _call_reportfault          000000018000facc f   LIBCMT:invarg.obj
 0001:0000ebc0       _initp_misc_invarg         000000018000fbc0 f   LIBCMT:invarg.obj
 0001:0000ebc8       _invalid_parameter         000000018000fbc8 f   LIBCMT:invarg.obj
 0001:0000ec30       _invalid_parameter_noinfo  000000018000fc30 f   LIBCMT:invarg.obj
 0001:0000ec50       _invoke_watson             000000018000fc50 f   LIBCMT:invarg.obj
 0001:0000ec8c       _fileno                    000000018000fc8c f   LIBCMT:fileno.obj
 0001:0000ecb4       _close                     000000018000fcb4 f   LIBCMT:close.obj
 0001:0000ed78       _close_nolock              000000018000fd78 f   LIBCMT:close.obj
 0001:0000ee34       __doserrno                 000000018000fe34 f   LIBCMT:dosmap.obj
 0001:0000ee54       _dosmaperr                 000000018000fe54 f   LIBCMT:dosmap.obj
 0001:0000eea4       _errno                     000000018000fea4 f   LIBCMT:dosmap.obj
 0001:0000eec4       _get_errno_from_oserr      000000018000fec4 f   LIBCMT:dosmap.obj
 0001:0000ef14       _freebuf                   000000018000ff14 f   LIBCMT:_freebuf.obj
 0001:0000ef4c       __C_specific_handler       000000018000ff4c f   LIBCMT:chandler.obj
 0001:0000f12c       _commit                    000000018001012c f   LIBCMT:commit.obj
 0001:0000f204       _write                     0000000180010204 f   LIBCMT:write.obj
 0001:0000f2e4       _write_nolock              00000001800102e4 f   LIBCMT:write.obj
 0001:0000fa20       _getstream                 0000000180010a20 f   LIBCMT:stream.obj
 0001:0000fb54       _openfile                  0000000180010b54 f   LIBCMT:_open.obj
 0001:0000fe20       _local_unwind              0000000180010e20 f   LIBCMT:jmpuwind.obj
 0001:0000fe50       _NLG_Notify                0000000180010e50 f   LIBCMT:jmpuwind.obj
 0001:0000fe70       __NLG_Dispatch2            0000000180010e70 f   LIBCMT:jmpuwind.obj
 0001:0000fe80       __NLG_Return2              0000000180010e80 f   LIBCMT:jmpuwind.obj
 0001:0000fe84       _ftbuf                     0000000180010e84 f   LIBCMT:_sftbuf.obj
 0001:0000febc       _stbuf                     0000000180010ebc f   LIBCMT:_sftbuf.obj
 0001:0000ff8c       ??0_LocaleUpdate@@QEAA@PEAUlocaleinfo_struct@@@Z 0000000180010f8c f i LIBCMT:output.obj
 0001:00010034       _output_l                  0000000180011034 f   LIBCMT:output.obj
 0001:00010b84       _ioinit                    0000000180011b84 f   LIBCMT:ioinit.obj
 0001:00010eb0       _ioterm                    0000000180011eb0 f   LIBCMT:ioinit.obj
 0001:00010f24       _filbuf                    0000000180011f24 f   LIBCMT:_filbuf.obj
 0001:00011068       memcpy_s                   0000000180012068 f   LIBCMT:memcpy_s.obj
 0001:000110f0       _read                      00000001800120f0 f   LIBCMT:read.obj
 0001:0001120c       _read_nolock               000000018001220c f   LIBCMT:read.obj
 0001:00011a70       _lseek                     0000000180012a70 f   LIBCMT:lseek.obj
 0001:00011b50       _lseek_nolock              0000000180012b50 f   LIBCMT:lseek.obj
 0001:00011be8       _lseeki64                  0000000180012be8 f   LIBCMT:lseeki64.obj
 0001:00011ccc       _lseeki64_nolock           0000000180012ccc f   LIBCMT:lseeki64.obj
 0001:00011d70       __chkstk                   0000000180012d70 f   LIBCMT:chkstk.obj
 0001:00011d70       _alloca_probe              0000000180012d70     LIBCMT:chkstk.obj
 0001:00011dc0       _flsbuf                    0000000180012dc0 f   LIBCMT:_flsbuf.obj
 0001:00011f4c       _heap_init                 0000000180012f4c f   LIBCMT:heapinit.obj
 0001:00011f6c       _heap_term                 0000000180012f6c f   LIBCMT:heapinit.obj
 0001:00011f78       __isa_available_init       0000000180012f78 f   LIBCMT:cpu_disp.obj
 0001:00012080       _errcode                   0000000180013080 f   LIBCMT:fpexcept.obj
 0001:000120c4       _except1                   00000001800130c4 f   LIBCMT:fpexcept.obj
 0001:000121b4       _handle_exc                00000001800131b4 f   LIBCMT:fpexcept.obj
 0001:00012418       _handle_qnan1              0000000180013418 f   LIBCMT:fpexcept.obj
 0001:00012478       _raise_exc                 0000000180013478 f   LIBCMT:fpexcept.obj
 0001:000124a0       _raise_exc_ex              00000001800134a0 f   LIBCMT:fpexcept.obj
 0001:000127a4       _raise_excf                00000001800137a4 f   LIBCMT:fpexcept.obj
 0001:000127d0       _set_errno_from_matherr    00000001800137d0 f   LIBCMT:fpexcept.obj
 0001:00012800       _umatherr                  0000000180013800 f   LIBCMT:fpexcept.obj
 0001:000128d4       _decomp                    00000001800138d4 f   LIBCMT:util.obj
 0001:00012a08       _sptype                    0000000180013a08 f   LIBCMT:util.obj
 0001:00012a7c       _clrfp                     0000000180013a7c f   LIBCMT:fpctrl.obj
 0001:00012a9c       _ctrlfp                    0000000180013a9c f   LIBCMT:fpctrl.obj
 0001:00012b18       _set_statfp                0000000180013b18 f   LIBCMT:fpctrl.obj
 0001:00012b38       _statfp                    0000000180013b38 f   LIBCMT:fpctrl.obj
 0001:00012c70       _handle_error              0000000180013c70 f   LIBCMT:libm_error.obj
 0001:00012d98       _handle_errorf             0000000180013d98 f   LIBCMT:libm_error.obj
 0001:00012ecc       __remainder_piby2f         0000000180013ecc f   LIBCMT:remainder_piby2f.obj
 0001:0001313c       _cosf_special              000000018001413c f   LIBCMT:sincos_special.obj
 0001:00013150       _sincosf_special           0000000180014150 f   LIBCMT:sincos_special.obj
 0001:000131ec       _sinf_special              00000001800141ec f   LIBCMT:sincos_special.obj
 0001:00013200       __raise_securityfailure    0000000180014200 f   LIBCMT:gs_report.obj
 0001:0001324c       __report_gsfailure         000000018001424c f   LIBCMT:gs_report.obj
 0001:00013320       _cfltcvt                   0000000180014320 f   LIBCMT:cvt.obj
 0001:00013344       _cfltcvt_l                 0000000180014344 f   LIBCMT:cvt.obj
 0001:000133c4       _cftoa_l                   00000001800143c4 f   LIBCMT:cvt.obj
 0001:00013970       _cftoe_l                   0000000180014970 f   LIBCMT:cvt.obj
 0001:00013bcc       _cftof_l                   0000000180014bcc f   LIBCMT:cvt.obj
 0001:00013ca0       _cftog_l                   0000000180014ca0 f   LIBCMT:cvt.obj
 0001:00013dd4       _cropzeros                 0000000180014dd4 f   LIBCMT:cvt.obj
 0001:00013ddc       _cropzeros_l               0000000180014ddc f   LIBCMT:cvt.obj
 0001:00013e74       _fassign                   0000000180014e74 f   LIBCMT:cvt.obj
 0001:00013e7c       _fassign_l                 0000000180014e7c f   LIBCMT:cvt.obj
 0001:00013ebc       _forcdecpt                 0000000180014ebc f   LIBCMT:cvt.obj
 0001:00013ec4       _forcdecpt_l               0000000180014ec4 f   LIBCMT:cvt.obj
 0001:00013f44       _positive                  0000000180014f44 f   LIBCMT:cvt.obj
 0001:00013f58       _initp_misc_cfltcvt_tab    0000000180014f58 f   LIBCMT:cmiscdat.obj
 0001:00013f94       _XcptFilter                0000000180014f94 f   LIBCMT:winxfltr.obj
 0001:00014160       __CppXcptFilter            0000000180015160 f   LIBCMT:winxfltr.obj
 0001:00014174       _freefls                   0000000180015174 f   LIBCMT:tidtable.obj
 0001:000142a8       _freeptd                   00000001800152a8 f   LIBCMT:tidtable.obj
 0001:000142e4       _getptd                    00000001800152e4 f   LIBCMT:tidtable.obj
 0001:00014308       _getptd_noexit             0000000180015308 f   LIBCMT:tidtable.obj
 0001:0001438c       _initptd                   000000018001538c f   LIBCMT:tidtable.obj
 0001:00014450       _mtinit                    0000000180015450 f   LIBCMT:tidtable.obj
 0001:000144d0       _mtterm                    00000001800154d0 f   LIBCMT:tidtable.obj
 0001:000144f4       _setargv                   00000001800154f4 f   LIBCMT:stdargv.obj
 0001:000147b0       _setenvp                   00000001800157b0 f   LIBCMT:stdenvp.obj
 0001:000148e4       __security_init_cookie     00000001800158e4 f   LIBCMT:gs_support.obj
 0001:00014990       DllMain                    0000000180015990 f   LIBCMT:dllmain.obj
 0001:00014998       __crtGetEnvironmentStringsA 0000000180015998 f   LIBCMT:a_env.obj
 0001:00014a8c       __crtCaptureCurrentContext 0000000180015a8c f   LIBCMT:winapisupp.obj
 0001:00014afc       __crtCapturePreviousContext 0000000180015afc f   LIBCMT:winapisupp.obj
 0001:00014b70       __crtFlsAlloc              0000000180015b70 f   LIBCMT:winapisupp.obj
 0001:00014b8c       __crtFlsFree               0000000180015b8c f   LIBCMT:winapisupp.obj
 0001:00014ba8       __crtFlsGetValue           0000000180015ba8 f   LIBCMT:winapisupp.obj
 0001:00014bc4       __crtFlsSetValue           0000000180015bc4 f   LIBCMT:winapisupp.obj
 0001:00014be0       __crtIsPackagedApp         0000000180015be0 f   LIBCMT:winapisupp.obj
 0001:00014c2c       __crtLoadWinApiPointers    0000000180015c2c f   LIBCMT:winapisupp.obj
 0001:00014fb0       __crtTerminateProcess      0000000180015fb0 f   LIBCMT:winapisupp.obj
 0001:00014fd0       __crtUnhandledException    0000000180015fd0 f   LIBCMT:winapisupp.obj
 0001:00014ff0       _RTC_Initialize            0000000180015ff0 f   LIBCMT:initsect.obj
 0001:00015028       _RTC_Terminate             0000000180016028 f   LIBCMT:initsect.obj
 0001:00015060       _FF_MSGBANNER              0000000180016060 f   LIBCMT:crt0msg.obj
 0001:000150a4       _GET_RTERRMSG              00000001800160a4 f   LIBCMT:crt0msg.obj
 0001:000150d4       _NMSG_WRITE                00000001800160d4 f   LIBCMT:crt0msg.obj
 0001:00015344       malloc                     0000000180016344 f   LIBCMT:malloc.obj
 0001:000153fc       realloc                    00000001800163fc f   LIBCMT:realloc.obj
 0001:000154d0       _calloc_impl               00000001800164d0 f   LIBCMT:calloc_impl.obj
 0001:00015570       _FindPESection             0000000180016570 f   LIBCMT:pesect.obj
 0001:000155c0       _IsNonwritableInCurrentImage 00000001800165c0 f   LIBCMT:pesect.obj
 0001:00015610       _ValidateImageBase         0000000180016610 f   LIBCMT:pesect.obj
 0001:00015640       __onexitinit               0000000180016640 f   LIBCMT:onexit.obj
 0001:00015684       _onexit                    0000000180016684 f   LIBCMT:onexit.obj
 0001:00015790       atexit                     0000000180016790 f   LIBCMT:onexit.obj
 0001:000157a8       ?terminate@@YAXXZ          00000001800167a8 f   LIBCMT:hooks.obj
 0001:000157c8       _initp_eh_hooks            00000001800167c8 f   LIBCMT:hooks.obj
 0001:000157e8       _callnewh                  00000001800167e8 f   LIBCMT:handler.obj
 0001:0001581c       _initp_heap_handler        000000018001681c f   LIBCMT:handler.obj
 0001:00015824       _initp_misc_purevirt       0000000180016824 f   LIBCMT:inithelp.obj
 0001:0001582c       _initp_misc_rand_s         000000018001682c f   LIBCMT:rand_s.obj
 0001:00015834       __get_sigabrt              0000000180016834 f   LIBCMT:winsig.obj
 0001:00015844       _initp_misc_winsig         0000000180016844 f   LIBCMT:winsig.obj
 0001:00015864       raise                      0000000180016864 f   LIBCMT:winsig.obj
 0001:00015a88       __initmbctable             0000000180016a88 f   LIBCMT:mbctype.obj
 0001:00015da4       __updatetmbcinfo           0000000180016da4 f   LIBCMT:mbctype.obj
 0001:00015e60       _setmbcp                   0000000180016e60 f   LIBCMT:mbctype.obj
 0001:000160bc       _setmbcp_nolock            00000001800170bc f   LIBCMT:mbctype.obj
 0001:0001636c       __crt_debugger_hook        000000018001736c f   LIBCMT:dbghook.obj
 0001:00016374       __lock_fhandle             0000000180017374 f   LIBCMT:osfinfo.obj
 0001:0001640c       _alloc_osfhnd              000000018001740c f   LIBCMT:osfinfo.obj
 0001:00016604       _free_osfhnd               0000000180017604 f   LIBCMT:osfinfo.obj
 0001:000166b0       _get_osfhandle             00000001800176b0 f   LIBCMT:osfinfo.obj
 0001:00016724       _set_osfhnd                0000000180017724 f   LIBCMT:osfinfo.obj
 0001:000167d4       _unlock_fhandle            00000001800177d4 f   LIBCMT:osfinfo.obj
 0001:00016800       _isleadbyte_l              0000000180017800 f i LIBCMT:_wctype.obj
 0001:00016844       isleadbyte                 0000000180017844 f i LIBCMT:_wctype.obj
 0001:0001688c       _isatty                    000000018001788c f   LIBCMT:isatty.obj
 0001:000168ec       _mbtowc_l                  00000001800178ec f   LIBCMT:mbtowc.obj
 0001:00016a40       mbtowc                     0000000180017a40 f   LIBCMT:mbtowc.obj
 0001:00016a48       _putwch_nolock             0000000180017a48 f   LIBCMT:putwch.obj
 0001:00016aa4       _sopen_helper              0000000180017aa4 f   LIBCMT:open.obj
 0001:00016b80       _sopen_nolock              0000000180017b80 f   LIBCMT:open.obj
 0001:00016c08       _sopen_s                   0000000180017c08 f   LIBCMT:open.obj
 0001:00016c3c       _mbsnbcmp                  0000000180017c3c f   LIBCMT:mbsnbcmp.obj
 0001:00016c44       _mbsnbcmp_l                0000000180017c44 f   LIBCMT:mbsnbcmp.obj
 0001:00016d70       _mbsnbicmp                 0000000180017d70 f   LIBCMT:mbsnbicm.obj
 0001:00016d78       _mbsnbicmp_l               0000000180017d78 f   LIBCMT:mbsnbicm.obj
 0001:00016f28       __addlocaleref             0000000180017f28 f   LIBCMT:localref.obj
 0001:00016fb4       __freetlocinfo             0000000180017fb4 f   LIBCMT:localref.obj
 0001:0001714c       __removelocaleref          000000018001814c f   LIBCMT:localref.obj
 0001:000171f0       __updatetlocinfo           00000001800181f0 f   LIBCMT:localref.obj
 0001:00017268       _updatetlocinfoEx_nolock   0000000180018268 f   LIBCMT:localref.obj
 0001:000172e0       strlen                     00000001800182e0 f   LIBCMT:strlen.obj
 0001:00017388       _wctomb_s_l                0000000180018388 f   LIBCMT:wctomb.obj
 0001:00017514       wctomb_s                   0000000180018514 f   LIBCMT:wctomb.obj
 0001:00017528       _getbuf                    0000000180018528 f   LIBCMT:_getbuf.obj
 0001:0001757c       _matherr                   000000018001857c f   LIBCMT:matherr.obj
 0001:00017590       _get_fpsr                  0000000180018590 f   LIBCMT:fpsr.obj
 0001:000175a0       _set_fpsr                  00000001800185a0 f   LIBCMT:fpsr.obj
 0001:000175aa       _fclrf                     00000001800185aa f   LIBCMT:fpsr.obj
 0001:000175be       _frnd                      00000001800185be f   LIBCMT:fpsr.obj
 0001:000175e0       isdigit                    00000001800185e0 f i LIBCMT:_ctype.obj
 0001:0001765c       _tolower_l                 000000018001865c f   LIBCMT:tolower.obj
 0001:000177b0       tolower                    00000001800187b0 f   LIBCMT:tolower.obj
 0001:000177d0       strcpy_s                   00000001800187d0 f   LIBCMT:strcpy_s.obj
 0001:00017834       strrchr                    0000000180018834 f   LIBCMT:strrchr.obj
 0001:00017978       _fptostr                   0000000180018978 f   LIBCMT:_fptostr.obj
 0001:00017a44       _atodbl_l                  0000000180018a44 f   LIBCMT:atodbl.obj
 0001:00017b0c       _atoflt_l                  0000000180018b0c f   LIBCMT:atodbl.obj
 0001:00017bd4       __dtold                    0000000180018bd4 f   LIBCMT:cfout.obj
 0001:00017ca4       _fltout2                   0000000180018ca4 f   LIBCMT:cfout.obj
 0001:00017d5c       _fptrap                    0000000180018d5c f   LIBCMT:crt0fp.obj
 0001:00017de4       _ismbblead                 0000000180018de4 f   LIBCMT:ismbbyte.obj
 0001:00017df8       wcscat_s                   0000000180018df8 f   LIBCMT:wcscat_s.obj
 0001:00017e80       wcscpy_s                   0000000180018e80 f   LIBCMT:wcscpy_s.obj
 0001:00017eec       wcslen                     0000000180018eec f   LIBCMT:wcslen.obj
 0001:00017f08       wcsncpy_s                  0000000180018f08 f   LIBCMT:wcsncpy_s.obj
 0001:00017fd4       _set_error_mode            0000000180018fd4 f   LIBCMT:errmode.obj
 0001:00018014       __crtMessageBoxW           0000000180019014 f   LIBCMT:crtmboxw.obj
 0001:00018284       _msize                     0000000180019284 f   LIBCMT:msize.obj
 0001:000182c0       abort                      00000001800192c0 f   LIBCMT:abort.obj
 0001:00018318       GetTableIndexFromLocaleName 0000000180019318 f   LIBCMT:winapinls.obj
 0001:000183a4       __crtDownlevelLocaleNameToLCID 00000001800193a4 f   LIBCMT:winapinls.obj
 0001:000183d8       __crtLCMapStringEx         00000001800193d8 f   LIBCMT:winapinls.obj
 0001:00018468       __wcsnicmp_ascii           0000000180019468 f   LIBCMT:winapinls.obj
 0001:00018790       __crtLCMapStringA          0000000180019790 f   LIBCMT:a_map.obj
 0001:00018990       __crtGetStringTypeA        0000000180019990 f   LIBCMT:a_str.obj
 0001:00018a0c       __termconout               0000000180019a0c f   LIBCMT:initcon.obj
 0001:00018a2c       __initconout               0000000180019a2c f   LIBCMT:initcon.obj
 0001:00018b5c       _wsopen_nolock             0000000180019b5c f   LIBCMT:wopen.obj
 0001:00019330       strncmp                    000000018001a330 f   LIBCMT:strncmp.obj
 0001:000193b0       __ascii_strnicmp           000000018001a3b0 f   LIBCMT:strnicmp.obj
 0001:000193f8       _strnicmp                  000000018001a3f8 f   LIBCMT:strnicmp.obj
 0001:00019448       _strnicmp_l                000000018001a448 f   LIBCMT:strnicmp.obj
 0001:00019524       __free_lconv_mon           000000018001a524 f   LIBCMT:initmon.obj
 0001:00019630       __free_lconv_num           000000018001a630 f   LIBCMT:initnum.obj
 0001:0001969c       __free_lc_time             000000018001a69c f   LIBCMT:inittime.obj
 0001:00019a98       _isctype_l                 000000018001aa98 f   LIBCMT:isctype.obj
 0001:00019b74       _locterm                   000000018001ab74 f   LIBCMT:wsetloca.obj
 0001:00019bbc       _ld12tod                   000000018001abbc f   LIBCMT:intrncvt.obj
 0001:0001a16c       _ld12tof                   000000018001b16c f   LIBCMT:intrncvt.obj
 0001:0001a71c       __strgtold12_l             000000018001b71c f   LIBCMT:strgtold.obj
 0001:0001af70       $I10_OUTPUT                000000018001bf70 f   LIBCMT:x10fout.obj
 0001:0001ba3c       _chsize_nolock             000000018001ca3c f   LIBCMT:chsize.obj
 0001:0001bbd4       _get_fmode                 000000018001cbd4 f   LIBCMT:setmode.obj
 0001:0001bc04       _setmode_nolock            000000018001cc04 f   LIBCMT:setmode.obj
 0001:0001bd00       memcmp                     000000018001cd00 f   LIBCMT:memcmp.obj
 0001:0001bdc8       __mtold12                  000000018001cdc8 f   LIBCMT:mantold.obj
 0001:0001bff4       IsProcessorFeaturePresent  000000018001cff4 f   kernel32:KERNEL32.dll
 0001:0001bffa       RtlUnwindEx                000000018001cffa f   kernel32:KERNEL32.dll
 0002:00000000       __imp_RaiseException       000000018001e000     kernel32:KERNEL32.dll
 0002:00000008       __imp_SetEndOfFile         000000018001e008     kernel32:KERNEL32.dll
 0002:00000010       __imp_CreateFileW          000000018001e010     kernel32:KERNEL32.dll
 0002:00000018       __imp_GetStringTypeW       000000018001e018     kernel32:KERNEL32.dll
 0002:00000020       __imp_LCMapStringW         000000018001e020     kernel32:KERNEL32.dll
 0002:00000028       __imp_HeapSize             000000018001e028     kernel32:KERNEL32.dll
 0002:00000030       __imp_GetSystemInfo        000000018001e030     kernel32:KERNEL32.dll
 0002:00000038       __imp_VirtualAlloc         000000018001e038     kernel32:KERNEL32.dll
 0002:00000040       __imp_EnterCriticalSection 000000018001e040     kernel32:KERNEL32.dll
 0002:00000048       __imp_LeaveCriticalSection 000000018001e048     kernel32:KERNEL32.dll
 0002:00000050       __imp_ReadFile             000000018001e050     kernel32:KERNEL32.dll
 0002:00000058       __imp_GetLastError         000000018001e058     kernel32:KERNEL32.dll
 0002:00000060       __imp_HeapFree             000000018001e060     kernel32:KERNEL32.dll
 0002:00000068       __imp_GetCommandLineA      000000018001e068     kernel32:KERNEL32.dll
 0002:00000070       __imp_GetCurrentThreadId   000000018001e070     kernel32:KERNEL32.dll
 0002:00000078       __imp_DeleteCriticalSection 000000018001e078     kernel32:KERNEL32.dll
 0002:00000080       __imp_InitializeCriticalSectionAndSpinCount 000000018001e080     kernel32:KERNEL32.dll
 0002:00000088       __imp_Sleep                000000018001e088     kernel32:KERNEL32.dll
 0002:00000090       __imp_EncodePointer        000000018001e090     kernel32:KERNEL32.dll
 0002:00000098       __imp_DecodePointer        000000018001e098     kernel32:KERNEL32.dll
 0002:000000a0       __imp_ExitProcess          000000018001e0a0     kernel32:KERNEL32.dll
 0002:000000a8       __imp_GetModuleHandleExW   000000018001e0a8     kernel32:KERNEL32.dll
 0002:000000b0       __imp_GetProcAddress       000000018001e0b0     kernel32:KERNEL32.dll
 0002:000000b8       __imp_AreFileApisANSI      000000018001e0b8     kernel32:KERNEL32.dll
 0002:000000c0       __imp_MultiByteToWideChar  000000018001e0c0     kernel32:KERNEL32.dll
 0002:000000c8       __imp_IsDebuggerPresent    000000018001e0c8     kernel32:KERNEL32.dll
 0002:000000d0       __imp_IsProcessorFeaturePresent 000000018001e0d0     kernel32:KERNEL32.dll
 0002:000000d8       __imp_CloseHandle          000000018001e0d8     kernel32:KERNEL32.dll
 0002:000000e0       __imp_RtlUnwindEx          000000018001e0e0     kernel32:KERNEL32.dll
 0002:000000e8       __imp_FlushFileBuffers     000000018001e0e8     kernel32:KERNEL32.dll
 0002:000000f0       __imp_WriteFile            000000018001e0f0     kernel32:KERNEL32.dll
 0002:000000f8       __imp_WideCharToMultiByte  000000018001e0f8     kernel32:KERNEL32.dll
 0002:00000100       __imp_GetConsoleCP         000000018001e100     kernel32:KERNEL32.dll
 0002:00000108       __imp_GetConsoleMode       000000018001e108     kernel32:KERNEL32.dll
 0002:00000110       __imp_GetStdHandle         000000018001e110     kernel32:KERNEL32.dll
 0002:00000118       __imp_GetFileType          000000018001e118     kernel32:KERNEL32.dll
 0002:00000120       __imp_GetStartupInfoW      000000018001e120     kernel32:KERNEL32.dll
 0002:00000128       __imp_ReadConsoleW         000000018001e128     kernel32:KERNEL32.dll
 0002:00000130       __imp_SetFilePointer       000000018001e130     kernel32:KERNEL32.dll
 0002:00000138       __imp_SetFilePointerEx     000000018001e138     kernel32:KERNEL32.dll
 0002:00000140       __imp_GetProcessHeap       000000018001e140     kernel32:KERNEL32.dll
 0002:00000148       __imp_SetLastError         000000018001e148     kernel32:KERNEL32.dll
 0002:00000150       __imp_GetModuleFileNameA   000000018001e150     kernel32:KERNEL32.dll
 0002:00000158       __imp_QueryPerformanceCounter 000000018001e158     kernel32:KERNEL32.dll
 0002:00000160       __imp_GetCurrentProcessId  000000018001e160     kernel32:KERNEL32.dll
 0002:00000168       __imp_GetSystemTimeAsFileTime 000000018001e168     kernel32:KERNEL32.dll
 0002:00000170       __imp_GetEnvironmentStringsW 000000018001e170     kernel32:KERNEL32.dll
 0002:00000178       __imp_FreeEnvironmentStringsW 000000018001e178     kernel32:KERNEL32.dll
 0002:00000180       __imp_RtlCaptureContext    000000018001e180     kernel32:KERNEL32.dll
 0002:00000188       __imp_RtlLookupFunctionEntry 000000018001e188     kernel32:KERNEL32.dll
 0002:00000190       __imp_RtlVirtualUnwind     000000018001e190     kernel32:KERNEL32.dll
 0002:00000198       __imp_UnhandledExceptionFilter 000000018001e198     kernel32:KERNEL32.dll
 0002:000001a0       __imp_SetUnhandledExceptionFilter 000000018001e1a0     kernel32:KERNEL32.dll
 0002:000001a8       __imp_GetCurrentProcess    000000018001e1a8     kernel32:KERNEL32.dll
 0002:000001b0       __imp_TerminateProcess     000000018001e1b0     kernel32:KERNEL32.dll
 0002:000001b8       __imp_TlsAlloc             000000018001e1b8     kernel32:KERNEL32.dll
 0002:000001c0       __imp_TlsGetValue          000000018001e1c0     kernel32:KERNEL32.dll
 0002:000001c8       __imp_TlsSetValue          000000018001e1c8     kernel32:KERNEL32.dll
 0002:000001d0       __imp_TlsFree              000000018001e1d0     kernel32:KERNEL32.dll
 0002:000001d8       __imp_GetModuleHandleW     000000018001e1d8     kernel32:KERNEL32.dll
 0002:000001e0       __imp_GetModuleFileNameW   000000018001e1e0     kernel32:KERNEL32.dll
 0002:000001e8       __imp_HeapAlloc            000000018001e1e8     kernel32:KERNEL32.dll
 0002:000001f0       __imp_HeapReAlloc          000000018001e1f0     kernel32:KERNEL32.dll
 0002:000001f8       __imp_LoadLibraryExW       000000018001e1f8     kernel32:KERNEL32.dll
 0002:00000200       __imp_IsValidCodePage      000000018001e200     kernel32:KERNEL32.dll
 0002:00000208       __imp_GetACP               000000018001e208     kernel32:KERNEL32.dll
 0002:00000210       __imp_GetOEMCP             000000018001e210     kernel32:KERNEL32.dll
 0002:00000218       __imp_GetCPInfo            000000018001e218     kernel32:KERNEL32.dll
 0002:00000220       __imp_SetStdHandle         000000018001e220     kernel32:KERNEL32.dll
 0002:00000228       __imp_WriteConsoleW        000000018001e228     kernel32:KERNEL32.dll
 0002:00000230       __imp_OutputDebugStringW   000000018001e230     kernel32:KERNEL32.dll
 0002:00000238       __imp_LoadLibraryW         000000018001e238     kernel32:KERNEL32.dll
 0002:00000240       \177KERNEL32_NULL_THUNK_DATA 000000018001e240     kernel32:KERNEL32.dll
 0002:00000248       __imp_glViewport           000000018001e248     opengl32:OPENGL32.dll
 0002:00000250       __imp_glTexParameteri      000000018001e250     opengl32:OPENGL32.dll
 0002:00000258       __imp_glTexImage2D         000000018001e258     opengl32:OPENGL32.dll
 0002:00000260       __imp_glGenTextures        000000018001e260     opengl32:OPENGL32.dll
 0002:00000268       __imp_glEnable             000000018001e268     opengl32:OPENGL32.dll
 0002:00000270       __imp_glDrawElements       000000018001e270     opengl32:OPENGL32.dll
 0002:00000278       __imp_glDisable            000000018001e278     opengl32:OPENGL32.dll
 0002:00000280       __imp_glClearColor         000000018001e280     opengl32:OPENGL32.dll
 0002:00000288       __imp_glClear              000000018001e288     opengl32:OPENGL32.dll
 0002:00000290       __imp_glBlendFunc          000000018001e290     opengl32:OPENGL32.dll
 0002:00000298       __imp_glBindTexture        000000018001e298     opengl32:OPENGL32.dll
 0002:000002a0       __imp_wglGetProcAddress    000000018001e2a0     opengl32:OPENGL32.dll
 0002:000002a8       \177OPENGL32_NULL_THUNK_DATA 000000018001e2a8     opengl32:OPENGL32.dll
 0002:000002b0       __xc_a                     000000018001e2b0     LIBCMT:crt0init.obj
 0002:000002c0       __xc_z                     000000018001e2c0     LIBCMT:crt0init.obj
 0002:000002c8       __xi_a                     000000018001e2c8     LIBCMT:crt0init.obj
 0002:000002f0       __xi_z                     000000018001e2f0     LIBCMT:crt0init.obj
 0002:000002f8       __xp_a                     000000018001e2f8     LIBCMT:crt0init.obj
 0002:00000318       __xp_z                     000000018001e318     LIBCMT:crt0init.obj
 0002:00000320       __xt_a                     000000018001e320     LIBCMT:crt0init.obj
 0002:00000328       __xt_z                     000000018001e328     LIBCMT:crt0init.obj
 0002:00000370       ??_C@_0JM@CPJBHDIB@?$CDversion?5410?6out?5vec2?5uv?$DL?5layout@ 000000018001e370     game.obj
 0002:00000410       ??_C@_0IC@COFKCGHG@?$CDversion?5410?6in?5vec2?5uv?$DL?5out?5vec@ 000000018001e410     game.obj
 0002:000004a0       ??_C@_0FDN@HMEIHCCG@?$CDversion?5410?6in?5vec2?5uv?$DL?5out?5vec@ 000000018001e4a0     game.obj
 0002:000009e0       ??_C@_0GPG@OAELDHAJ@?$CDversion?5410?6in?5vec2?5uv?$DL?5layout?$CI@ 000000018001e9e0     game.obj
 0002:000010e0       ??_C@_0JN@EHGNBJPN@?$CDversion?5410?6out?5vec2?5uv?$DL?5layout@ 000000018001f0e0     game.obj
 0002:00001180       ??_C@_0FD@IEFBMPHI@?$CDversion?5410?6in?5vec2?5uv?$DL?5out?5vec@ 000000018001f180     game.obj
 0002:000011e0       ??_C@_0CLC@JEPEOPGA@?$CDversion?5410?6in?5vec2?5uv?$DL?5out?5vec@ 000000018001f1e0     game.obj
 0002:000014b0       ??_C@_0LF@MACNBJAF@?$CDversion?5410?6uniform?5mat4?5model?$DL@ 000000018001f4b0     game.obj
 0002:00001570       ??_C@_0FC@JFMIOKFM@?$CDversion?5410?6out?5vec4?5color?$DL?5voi@ 000000018001f570     game.obj
 0002:000015d0       ??_C@_0IF@GFCICFD@?$CDversion?5410?6uniform?5mat4?5model?$DL@ 000000018001f5d0     game.obj
 0002:00001660       ??_C@_0COA@KCIBGGIN@?$CDversion?5410?6uniform?5mat4?5view_p@ 000000018001f660     game.obj
 0002:00001940       ??_C@_0KB@NPDPOHHG@?$CDversion?5410?6in?5vec2?5center?$DL?5in?5@ 000000018001f940     game.obj
 0002:000019f0       ??_C@_0COA@CGFFPFCC@?$CDversion?5410?6uniform?5mat4?5view_p@ 000000018001f9f0     game.obj
 0002:00001cd0       ??_C@_0BFM@IPAOEGAP@?$CDversion?5410?6in?5vec2?5center?$DL?5in?5@ 000000018001fcd0     game.obj
 0002:00001e30       ??_C@_0IG@LMHHHAKD@?$CDversion?5410?6uniform?5mat4?5model?$DL@ 000000018001fe30     game.obj
 0002:00001ec0       ??_C@_0CME@PCFNPNED@?$CDversion?5410?6uniform?5mat4?5view_p@ 000000018001fec0     game.obj
 0002:00002190       ??_C@_0EH@IAGIIOGF@?$CDversion?5410?6out?5vec4?5color?$DL?5voi@ 0000000180020190     game.obj
 0002:000021e0       ??_C@_0DDG@PKJIGBMF@?$CDversion?5410?6uniform?5mat4?5view_p@ 00000001800201e0     game.obj
 0002:00002520       ??_C@_0CJP@IHHDOCGE@?$CDversion?5410?6flat?5in?5vec2?5head?$DL?5@ 0000000180020520     game.obj
 0002:000027c0       ??_C@_0P@HGHBNC@glCreateShader?$AA@ 00000001800207c0     game.obj
 0002:000027d0       ??_C@_0P@DFHCPFMO@glShaderSource?$AA@ 00000001800207d0     game.obj
 0002:000027e0       ??_C@_0BA@DGIEGONF@glCompileShader?$AA@ 00000001800207e0     game.obj
 0002:000027f0       ??_C@_0BD@GIABBCMO@glGetShaderInfoLog?$AA@ 00000001800207f0     game.obj
 0002:00002808       ??_C@_0BA@FLKLHNKP@glCreateProgram?$AA@ 0000000180020808     game.obj
 0002:00002818       ??_C@_0P@LDMLEABL@glAttachShader?$AA@ 0000000180020818     game.obj
 0002:00002828       ??_C@_0BE@EELDBEME@glProgramParameteri?$AA@ 0000000180020828     game.obj
 0002:00002840       ??_C@_0O@PIOEEBPO@glLinkProgram?$AA@ 0000000180020840     game.obj
 0002:00002850       ??_C@_0P@FMMDFLCO@glGetProgramiv?$AA@ 0000000180020850     game.obj
 0002:00002860       ??_C@_0BE@DHGHAJFL@glGetProgramInfoLog?$AA@ 0000000180020860     game.obj
 0002:00002878       ??_C@_0BC@MAPGDLJK@glValidateProgram?$AA@ 0000000180020878     game.obj
 0002:00002890       ??_C@_0BD@JBCEHKON@glGetProgramBinary?$AA@ 0000000180020890     game.obj
 0002:000028a8       ??_C@_0BD@LNHCBEKP@glUniformMatrix4fv?$AA@ 00000001800208a8     game.obj
 0002:000028c0       ??_C@_0N@LAOHBIBA@glGenBuffers?$AA@ 00000001800208c0     game.obj
 0002:000028d0       ??_C@_0N@BONEPPLO@glBindBuffer?$AA@ 00000001800208d0     game.obj
 0002:000028e0       ??_C@_0N@JHHJMABP@glBufferData?$AA@ 00000001800208e0     game.obj
 0002:000028f0       ??_C@_0BC@EPJLBJBJ@glGenVertexArrays?$AA@ 00000001800208f0     game.obj
 0002:00002908       ??_C@_0BC@LHBAHFAN@glBindVertexArray?$AA@ 0000000180020908     game.obj
 0002:00002920       ??_C@_0BG@JPNNNPKG@glVertexAttribPointer?$AA@ 0000000180020920     game.obj
 0002:00002938       ??_C@_0BK@EHBAHNHE@glEnableVertexAttribArray?$AA@ 0000000180020938     game.obj
 0002:00002958       ??_C@_0N@ICBDHBI@glUseProgram?$AA@ 0000000180020958     game.obj
 0002:00002968       ??_C@_0BF@KIOPGICP@glGetUniformLocation?$AA@ 0000000180020968     game.obj
 0002:00002980       ??_C@_0BC@FAPEBGID@glGenFramebuffers?$AA@ 0000000180020980     game.obj
 0002:00002998       ??_C@_0BC@CJMIBNO@glBindFramebuffer?$AA@ 0000000180020998     game.obj
 0002:000029b0       ??_C@_0BH@JCIFGDEF@glFramebufferTexture2D?$AA@ 00000001800209b0     game.obj
 0002:000029c8       ??_C@_0O@COHJKDBH@glDrawBuffers?$AA@ 00000001800209c8     game.obj
 0002:000029d8       ??_C@_0BJ@GIOLHEAD@glCheckFramebufferStatus?$AA@ 00000001800209d8     game.obj
 0002:000029f8       ??_C@_0M@EMBKBDCK@glUniform1i?$AA@ 00000001800209f8     game.obj
 0002:00002a08       ??_C@_0M@MJMELBLM@glUniform2f?$AA@ 0000000180020a08     game.obj
 0002:00002a18       ??_C@_0N@LLHLOFGG@glUniform2fv?$AA@ 0000000180020a18     game.obj
 0002:00002a28       ??_C@_0N@KJMOEKII@glUniform1fv?$AA@ 0000000180020a28     game.obj
 0002:00002a38       ??_C@_0BA@KOBBIKOF@glActiveTexture?$AA@ 0000000180020a38     game.obj
 0002:00002a48       ??_C@_0N@DMHICAD@glUniform3fv?$AA@ 0000000180020a48     game.obj
 0002:00002a58       ??_C@_0BI@JNHDNJAG@glBlendEquationSeparate?$AA@ 0000000180020a58     game.obj
 0002:00002a70       ??_C@_0BE@LLLCIIOO@glBlendFuncSeparate?$AA@ 0000000180020a70     game.obj
 0002:00002a90       ??_C@_0EE@GMLIOEGB@c?3?2users?2kalle?2programming?2rnd?2e@ 0000000180020a90     game.obj
 0002:00002ae0       ??_C@_0EF@OMIDBMKB@?$CD?$CD?$CD?$CD?$CD?$CD?5ASSERTION?5FAILED?5?$CD?$CD?$CD?$CD?$CD?$CD?6?$CF@ 0000000180020ae0     game.obj
 0002:00002b28       ??_C@_0DJ@ONADKJFF@c?3?2users?2kalle?2programming?2rnd?2e@ 0000000180020b28     game.obj
 0002:00002b70       ??_C@_0FC@LBGEBBCH@?$CD?$CD?$CD?$CD?$CD?$CD?5ASSERTION?5FAILED?5?$CD?$CD?$CD?$CD?$CD?$CD?6?$CF@ 0000000180020b70     game.obj
 0002:00002bc4       ??_C@_01KDCPPGHE@r?$AA@    0000000180020bc4     game.obj
 0002:00002bd0       ??_C@_0EI@ICGPPGAB@?$CD?$CD?$CD?$CD?$CD?$CD?5ASSERTION?5FAILED?5?$CD?$CD?$CD?$CD?$CD?$CD?6?$CF@ 0000000180020bd0     game.obj
 0002:00002c18       ??_C@_0CC@PGLEMHGB@Failed?5compiling?5Shades?$CB?3?5?$CFs?6?6?$CFs@ 0000000180020c18     game.obj
 0002:00002c40       ??_C@_0BM@MKHDDFHD@Shader?5compile?5successful?$CB?6?$AA@ 0000000180020c40     game.obj
 0002:00002c60       ??_C@_0BF@KENCPGIL@Gl?5link?5successful?$CB?6?$AA@ 0000000180020c60     game.obj
 0002:00002c78       ??_C@_0BJ@LAMAKGIB@glGetProgramInfoLog?3?5?$CFs?6?$AA@ 0000000180020c78     game.obj
 0002:00002c98       ??_C@_0CK@OIFJIJNE@create_from_binary_file?5not?5impl@ 0000000180020c98     game.obj
 0002:00002cc8       ??_C@_0BG@PCAMPIMO@Gl?5program?5is?5valid?$CB?6?$AA@ 0000000180020cc8     game.obj
 0002:00002ce0       ??_C@_01NOFIACDB@w?$AA@    0000000180020ce0     game.obj
 0002:00002ce8       ??_C@_07JMAMGHOF@?$CF7?44f?5?5?$AA@ 0000000180020ce8     game.obj
 0002:00002cf0       ??_C@_01EEMJAFIK@?6?$AA@   0000000180020cf0     game.obj
 0002:00002cf8       ??_C@_0DO@MOICMBEI@c?3?2users?2kalle?2programming?2rnd?2e@ 0000000180020cf8     game.obj
 0002:00002d40       ??_C@_0EL@MPMLGBIK@?$CD?$CD?$CD?$CD?$CD?$CD?5ASSERTION?5FAILED?5?$CD?$CD?$CD?$CD?$CD?$CD?6?$CF@ 0000000180020d40     game.obj
 0002:00002d90       ??_C@_0EJ@OEAGLOP@c?3?2users?2kalle?2programming?2rnd?2e@ 0000000180020d90     game.obj
 0002:00002de0       ??_C@_0EA@LFLPBPHB@?$CD?$CD?$CD?$CD?$CD?$CD?5ASSERTION?5FAILED?5?$CD?$CD?$CD?$CD?$CD?$CD?6?$CF@ 0000000180020de0     game.obj
 0002:00002e20       ??_C@_0EF@NPGHLCMN@?$CD?$CD?$CD?$CD?$CD?$CD?5ASSERTION?5FAILED?5?$CD?$CD?$CD?$CD?$CD?$CD?6?$CF@ 0000000180020e20     game.obj
 0002:00002e70       ??_C@_0EF@BMNINOP@c?3?2users?2kalle?2programming?2rnd?2e@ 0000000180020e70     game.obj
 0002:00002ec0       ??_C@_0GE@DMBIOPJM@?$CD?$CD?$CD?$CD?$CD?$CD?5ASSERTION?5FAILED?5?$CD?$CD?$CD?$CD?$CD?$CD?6?$CF@ 0000000180020ec0     game.obj
 0002:00002f30       ??_C@_0EF@OMBPHCEB@c?3?2users?2kalle?2programming?2rnd?2e@ 0000000180020f30     game.obj
 0002:00002f78       ??_C@_0DI@KNCODFL@c?3?2users?2kalle?2programming?2rnd?2e@ 0000000180020f78     game.obj
 0002:00002fb0       ??_C@_0DP@MCPDLPPJ@?$CD?$CD?$CD?$CD?$CD?$CD?5ASSERTION?5FAILED?5?$CD?$CD?$CD?$CD?$CD?$CD?6?$CF@ 0000000180020fb0     game.obj
 0002:00002ff0       ??_C@_0DB@IBNIDNGF@?$CD?$CD?$CD?$CD?$CD?$CD?5ASSERTION?5FAILED?5?$CD?$CD?$CD?$CD?$CD?$CD?6?$CF@ 0000000180020ff0     game.obj
 0002:00003030       ??_C@_0FO@FPKEBDLD@?$CD?$CD?$CD?$CD?$CD?$CD?5ASSERTION?5FAILED?5?$CD?$CD?$CD?$CD?$CD?$CD?6?$CF@ 0000000180021030     game.obj
 0002:00003090       ??_C@_0EO@OEBPHDCM@?$CD?$CD?$CD?$CD?$CD?$CD?5ASSERTION?5FAILED?5?$CD?$CD?$CD?$CD?$CD?$CD?6?$CF@ 0000000180021090     game.obj
 0002:000030e0       ??_C@_0EF@OIBIOLBH@c?3?2users?2kalle?2programming?2rnd?2e@ 00000001800210e0     game.obj
 0002:00003128       ??_C@_0DJ@KEGIBLEF@c?3?2users?2kalle?2programming?2rnd?2e@ 0000000180021128     game.obj
 0002:00003170       ??_C@_0EJ@LNDLAAMM@?$CD?$CD?$CD?$CD?$CD?$CD?5ASSERTION?5FAILED?5?$CD?$CD?$CD?$CD?$CD?$CD?6?$CF@ 0000000180021170     game.obj
 0002:000031bc       ??_C@_05NCCFOPHA@model?$AA@ 00000001800211bc     game.obj
 0002:000031c8       ??_C@_0BA@EBOBLNGK@view_projection?$AA@ 00000001800211c8     game.obj
 0002:000031d8       ??_C@_0DP@MNGEAJMO@c?3?2users?2kalle?2programming?2rnd?2g@ 00000001800211d8     game.obj
 0002:00003220       ??_C@_0EP@OHKKKMGO@?$CD?$CD?$CD?$CD?$CD?$CD?5ASSERTION?5FAILED?5?$CD?$CD?$CD?$CD?$CD?$CD?6?$CF@ 0000000180021220     game.obj
 0002:00003270       ??_C@_0DL@CBLOMGHE@c?3?2users?2kalle?2programming?2rnd?2g@ 0000000180021270     game.obj
 0002:000032b0       ??_C@_0FB@EMHKNKAN@?$CD?$CD?$CD?$CD?$CD?$CD?5ASSERTION?5FAILED?5?$CD?$CD?$CD?$CD?$CD?$CD?6?$CF@ 00000001800212b0     game.obj
 0002:00003308       ??_C@_0BO@EMEGIMPE@?4?4?1?4?4?1game?1assets?1hatch_1?4jpg?$AA@ 0000000180021308     game.obj
 0002:00003328       ??_C@_0P@CGLEFAHJ@render_texture?$AA@ 0000000180021328     game.obj
 0002:00003338       ??_C@_05ELCCFCFH@scene?$AA@ 0000000180021338     game.obj
 0002:00003340       ??_C@_0BA@KAGMCCND@light_positions?$AA@ 0000000180021340     game.obj
 0002:00003350       ??_C@_0M@OCJDIAH@light_radii?$AA@ 0000000180021350     game.obj
 0002:00003360       ??_C@_09JIDODEBC@shadowmap?$AA@ 0000000180021360     game.obj
 0002:00003370       ??_C@_0N@GELDDICI@light_colors?$AA@ 0000000180021370     game.obj
 0002:00003380       ??_C@_09HPKLLIJF@direction?$AA@ 0000000180021380     game.obj
 0002:0000338c       ??_C@_05NCACOIL@hatch?$AA@ 000000018002138c     game.obj
 0002:00003394       ??_C@_05KHFOBEOD@bloom?$AA@ 0000000180021394     game.obj
 0002:000033a0       ??_C@_0O@JEMGGLL@lightmap_info?$AA@ 00000001800213a0     game.obj
 0002:000033b0       ??_C@_0P@LCPFNHKE@lightmap_color?$AA@ 00000001800213b0     game.obj
 0002:000033c0       ??_C@_0BL@HLJBPLMC@?4?4?1?4?4?1game?1assets?1test?4wav?$AA@ 00000001800213c0     game.obj
 0002:000033dc       __real@00000000            00000001800213dc     game.obj
 0002:000033e0       __real@3727c5ac            00000001800213e0     game.obj
 0002:000033e4       __real@38d1b717            00000001800213e4     game.obj
 0002:000033e8       __real@3c23d70a            00000001800213e8     game.obj
 0002:000033ec       __real@3ca3d70a            00000001800213ec     game.obj
 0002:000033f0       __real@3dcccccd            00000001800213f0     game.obj
 0002:000033f4       __real@3ecccccd            00000001800213f4     game.obj
 0002:000033f8       __real@3f0ccccd            00000001800213f8     game.obj
 0002:000033fc       __real@3f4ccccd            00000001800213fc     game.obj
 0002:00003400       __real@3f800000            0000000180021400     game.obj
 0002:00003404       __real@3faaaaab            0000000180021404     game.obj
 0002:00003408       __real@40000000            0000000180021408     game.obj
 0002:0000340c       __real@41200000            000000018002140c     game.obj
 0002:00003410       __real@42480000            0000000180021410     game.obj
 0002:00003414       __real@42b40000            0000000180021414     game.obj
 0002:00003418       __real@42c80000            0000000180021418     game.obj
 0002:0000341c       __real@43160000            000000018002141c     game.obj
 0002:00003420       __real@43480000            0000000180021420     game.obj
 0002:00003424       __real@43fa0000            0000000180021424     game.obj
 0002:00003428       __real@447a0000            0000000180021428     game.obj
 0002:0000342c       __real@44fa0000            000000018002142c     game.obj
 0002:00003430       __real@46fffe00            0000000180021430     game.obj
 0002:00003434       __real@7f7fffff            0000000180021434     game.obj
 0002:00003438       __real@bf4ccccd            0000000180021438     game.obj
 0002:0000343c       __real@bf800000            000000018002143c     game.obj
 0002:00003440       __real@c0000000            0000000180021440     game.obj
 0002:00003444       __real@c3480000            0000000180021444     game.obj
 0002:00003448       __real@c3960000            0000000180021448     game.obj
 0002:0000344c       __real@c3af0000            000000018002144c     game.obj
 0002:00003450       __real@c3fa0000            0000000180021450     game.obj
 0002:00003454       __real@c7000000            0000000180021454     game.obj
 0002:00003458       __real@ff7fffff            0000000180021458     game.obj
 0002:00003460       __xmm@80000000800000008000000080000000 0000000180021460     game.obj
 0002:00003470       __xmm@80000000000000008000000000000000 0000000180021470     LIBCMT:fabs.obj
 0002:00003480       ??_C@_04EIAKFFMI@sqrt?$AA@ 0000000180021480     LIBCMT:sqrt.obj
 0002:000036e0       ??_C@_04MHPLPEIA@tanf?$AA@ 00000001800216e0     LIBCMT:tanf.obj
 0002:000036e8       __real@397b839a252049c1    00000001800216e8     LIBCMT:tanf.obj
 0002:000036f0       __real@3ba3198a2e000000    00000001800216f0     LIBCMT:tanf.obj
 0002:000036f8       __real@3ba3198a2e037073    00000001800216f8     LIBCMT:tanf.obj
 0002:00003700       __real@3dd0b4611a600000    0000000180021700     LIBCMT:tanf.obj
 0002:00003708       __real@3dd0b4611a626331    0000000180021708     LIBCMT:tanf.obj
 0002:00003710       __real@3f919dba6efd6aad    0000000180021710     LIBCMT:tanf.obj
 0002:00003718       __real@3f92e29003c692d9    0000000180021718     LIBCMT:tanf.obj
 0002:00003720       __real@3fd5555555555555    0000000180021720     LIBCMT:tanf.obj
 0002:00003728       __real@3fd8a8b0da56cb17    0000000180021728     LIBCMT:tanf.obj
 0002:00003730       __real@3fe0000000000000    0000000180021730     LIBCMT:tanf.obj
 0002:00003738       __real@3fe07266d7b3511b    0000000180021738     LIBCMT:tanf.obj
 0002:00003740       __real@3fe45f306dc9c883    0000000180021740     LIBCMT:tanf.obj
 0002:00003748       __real@3ff27e84a3e73a2e    0000000180021748     LIBCMT:tanf.obj
 0002:00003750       __real@3ff921fb54400000    0000000180021750     LIBCMT:tanf.obj
 0002:00003758       __real@3ff921fb54442d18    0000000180021758     LIBCMT:tanf.obj
 0002:00003760       __real@411e848000000000    0000000180021760     LIBCMT:tanf.obj
 0002:00003768       __real@bff0000000000000    0000000180021768     LIBCMT:tanf.obj
 0002:00003770       ??_C@_05KGFAIMPG@sqrtf?$AA@ 0000000180021770     LIBCMT:sqrtf.obj
 0002:00003778       _FPinit                    0000000180021778     LIBCMT:fpinit.obj
 0002:00003780       _pDefaultRawDllMain        0000000180021780     LIBCMT:dllcrt0.obj
 0002:00003780       _pRawDllMain               0000000180021780     LIBCMT:dllcrt0.obj
 0002:00003788       ??_C@_1BI@BGOHAHKC@?$AAm?$AAs?$AAc?$AAo?$AAr?$AAe?$AAe?$AA?4?$AAd?$AAl?$AAl?$AA?$AA@ 0000000180021788     LIBCMT:crt0dat.obj
 0002:000037a0       ??_C@_0P@MIGLKIOC@CorExitProcess?$AA@ 00000001800217a0     LIBCMT:crt0dat.obj
 0002:000037d4       ??_C@_06OJHGLDPL@?$CInull?$CJ?$AA@ 00000001800217d4     LIBCMT:output.obj
 0002:000037e0       ??_C@_1O@CEDCILHN@?$AA?$CI?$AAn?$AAu?$AAl?$AAl?$AA?$CJ?$AA?$AA@ 00000001800217e0     LIBCMT:output.obj
 0002:000037f0       __lookuptable              00000001800217f0     LIBCMT:output.obj
 0002:0000384c       ??_C@_03KHJOGHMM@exp?$AA@  000000018002184c     LIBCMT:fpexcept.obj
 0002:00003850       ??_C@_03JGHBODFD@pow?$AA@  0000000180021850     LIBCMT:fpexcept.obj
 0002:00003854       ??_C@_03MGHMBJCF@log?$AA@  0000000180021854     LIBCMT:fpexcept.obj
 0002:00003858       ??_C@_05HGHHAHAP@log10?$AA@ 0000000180021858     LIBCMT:fpexcept.obj
 0002:00003860       ??_C@_04COOMCNPB@sinh?$AA@ 0000000180021860     LIBCMT:fpexcept.obj
 0002:00003868       ??_C@_04HPJJNFIM@cosh?$AA@ 0000000180021868     LIBCMT:fpexcept.obj
 0002:00003870       ??_C@_04FJHINJAO@tanh?$AA@ 0000000180021870     LIBCMT:fpexcept.obj
 0002:00003878       ??_C@_04FIHNOPOL@asin?$AA@ 0000000180021878     LIBCMT:fpexcept.obj
 0002:00003880       ??_C@_04PDIFKINK@acos?$AA@ 0000000180021880     LIBCMT:fpexcept.obj
 0002:00003888       ??_C@_04MLLJIGOK@atan?$AA@ 0000000180021888     LIBCMT:fpexcept.obj
 0002:00003890       ??_C@_05KNGEOGJB@atan2?$AA@ 0000000180021890     LIBCMT:fpexcept.obj
 0002:00003898       ??_C@_03BLEJJJBH@sin?$AA@  0000000180021898     LIBCMT:fpexcept.obj
 0002:0000389c       ??_C@_03LALBNOCG@cos?$AA@  000000018002189c     LIBCMT:fpexcept.obj
 0002:000038a0       ??_C@_03IIINPABG@tan?$AA@  00000001800218a0     LIBCMT:fpexcept.obj
 0002:000038a4       ??_C@_04GFPJNGEK@ceil?$AA@ 00000001800218a4     LIBCMT:fpexcept.obj
 0002:000038ac       ??_C@_05PBJFFIGL@floor?$AA@ 00000001800218ac     LIBCMT:fpexcept.obj
 0002:000038b4       ??_C@_04ODHECPBC@fabs?$AA@ 00000001800218b4     LIBCMT:fpexcept.obj
 0002:000038bc       ??_C@_04EHEDPDJG@modf?$AA@ 00000001800218bc     LIBCMT:fpexcept.obj
 0002:000038c4       ??_C@_05CEJMAHNP@ldexp?$AA@ 00000001800218c4     LIBCMT:fpexcept.obj
 0002:000038cc       ??_C@_05KBKMEMPO@_cabs?$AA@ 00000001800218cc     LIBCMT:fpexcept.obj
 0002:000038d4       ??_C@_06MEIMCGCF@_hypot?$AA@ 00000001800218d4     LIBCMT:fpexcept.obj
 0002:000038dc       ??_C@_04KEPJIHGP@fmod?$AA@ 00000001800218dc     LIBCMT:fpexcept.obj
 0002:000038e4       ??_C@_05GKKHEGJL@frexp?$AA@ 00000001800218e4     LIBCMT:fpexcept.obj
 0002:000038ec       ??_C@_03MJLDFKDL@_y0?$AA@  00000001800218ec     LIBCMT:fpexcept.obj
 0002:000038f0       ??_C@_03NAKIGLHK@_y1?$AA@  00000001800218f0     LIBCMT:fpexcept.obj
 0002:000038f4       ??_C@_03ONILCKOB@_yn?$AA@  00000001800218f4     LIBCMT:fpexcept.obj
 0002:000038f8       ??_C@_05JGDBENOH@_logb?$AA@ 00000001800218f8     LIBCMT:fpexcept.obj
 0002:00003900       ??_C@_0L@KDOEJCKC@_nextafter?$AA@ 0000000180021900     LIBCMT:fpexcept.obj
 0002:00003910       __real@0000000000000000    0000000180021910     LIBCMT:fpexcept.obj
 0002:00003920       ??_C@_04LAGPAAHP@sinf?$AA@ 0000000180021920     LIBCMT:sincos_special.obj
 0002:00003928       ??_C@_04OBBKPIAC@cosf?$AA@ 0000000180021928     LIBCMT:sincos_special.obj
 0002:00003940       ??_C@_05KLBDPFGC@e?$CL000?$AA@ 0000000180021940     LIBCMT:cvt.obj
 0002:00003950       _XcptActTab                0000000180021950     LIBCMT:winxfltr.obj
 0002:00003a10       _XcptActTabCount           0000000180021a10     LIBCMT:winxfltr.obj
 0002:00003a14       _XcptActTabSize            0000000180021a14     LIBCMT:winxfltr.obj
 0002:00003a18       _First_FPE_Indx            0000000180021a18     LIBCMT:winxfltr.obj
 0002:00003a1c       _Num_FPE                   0000000180021a1c     LIBCMT:winxfltr.obj
 0002:00003a20       ??_C@_1BK@MGMFAEKH@?$AAk?$AAe?$AAr?$AAn?$AAe?$AAl?$AA3?$AA2?$AA?4?$AAd?$AAl?$AAl?$AA?$AA@ 0000000180021a20     LIBCMT:winapisupp.obj
 0002:00003a40       ??_C@_08KNHFBNJ@FlsAlloc?$AA@ 0000000180021a40     LIBCMT:winapisupp.obj
 0002:00003a50       ??_C@_07PEJMOBNF@FlsFree?$AA@ 0000000180021a50     LIBCMT:winapisupp.obj
 0002:00003a58       ??_C@_0M@GDNOONDI@FlsGetValue?$AA@ 0000000180021a58     LIBCMT:winapisupp.obj
 0002:00003a68       ??_C@_0M@JCPCPOEF@FlsSetValue?$AA@ 0000000180021a68     LIBCMT:winapisupp.obj
 0002:00003a78       ??_C@_0BM@HCFOFFN@InitializeCriticalSectionEx?$AA@ 0000000180021a78     LIBCMT:winapisupp.obj
 0002:00003a98       ??_C@_0BD@KIEEOEEH@CreateSemaphoreExW?$AA@ 0000000180021a98     LIBCMT:winapisupp.obj
 0002:00003ab0       ??_C@_0BI@BKLFFAPO@SetThreadStackGuarantee?$AA@ 0000000180021ab0     LIBCMT:winapisupp.obj
 0002:00003ac8       ??_C@_0BG@OGFAJCKC@CreateThreadpoolTimer?$AA@ 0000000180021ac8     LIBCMT:winapisupp.obj
 0002:00003ae0       ??_C@_0BD@LPLEMMDI@SetThreadpoolTimer?$AA@ 0000000180021ae0     LIBCMT:winapisupp.obj
 0002:00003af8       ??_C@_0CA@FMNJENH@WaitForThreadpoolTimerCallbacks?$AA@ 0000000180021af8     LIBCMT:winapisupp.obj
 0002:00003b18       ??_C@_0BF@DCFCCNOC@CloseThreadpoolTimer?$AA@ 0000000180021b18     LIBCMT:winapisupp.obj
 0002:00003b30       ??_C@_0BF@FLABGKKM@CreateThreadpoolWait?$AA@ 0000000180021b30     LIBCMT:winapisupp.obj
 0002:00003b48       ??_C@_0BC@MGCOHNA@SetThreadpoolWait?$AA@ 0000000180021b48     LIBCMT:winapisupp.obj
 0002:00003b60       ??_C@_0BE@OCIOMIMP@CloseThreadpoolWait?$AA@ 0000000180021b60     LIBCMT:winapisupp.obj
 0002:00003b78       ??_C@_0BJ@LKGHFHBO@FlushProcessWriteBuffers?$AA@ 0000000180021b78     LIBCMT:winapisupp.obj
 0002:00003b98       ??_C@_0BP@KALKKPMO@FreeLibraryWhenCallbackReturns?$AA@ 0000000180021b98     LIBCMT:winapisupp.obj
 0002:00003bb8       ??_C@_0BK@DFNBACLA@GetCurrentProcessorNumber?$AA@ 0000000180021bb8     LIBCMT:winapisupp.obj
 0002:00003bd8       ??_C@_0BP@KHGALBC@GetLogicalProcessorInformation?$AA@ 0000000180021bd8     LIBCMT:winapisupp.obj
 0002:00003bf8       ??_C@_0BE@FKKLLFLM@CreateSymbolicLinkW?$AA@ 0000000180021bf8     LIBCMT:winapisupp.obj
 0002:00003c10       ??_C@_0BJ@OHNKDLIJ@SetDefaultDllDirectories?$AA@ 0000000180021c10     LIBCMT:winapisupp.obj
 0002:00003c30       ??_C@_0BE@LJANKFHF@EnumSystemLocalesEx?$AA@ 0000000180021c30     LIBCMT:winapisupp.obj
 0002:00003c48       ??_C@_0BA@IHGNDAEB@CompareStringEx?$AA@ 0000000180021c48     LIBCMT:winapisupp.obj
 0002:00003c58       ??_C@_0BA@EPCJIIPD@GetDateFormatEx?$AA@ 0000000180021c58     LIBCMT:winapisupp.obj
 0002:00003c68       ??_C@_0BA@ONOKGCMP@GetLocaleInfoEx?$AA@ 0000000180021c68     LIBCMT:winapisupp.obj
 0002:00003c78       ??_C@_0BA@CIJJKCJJ@GetTimeFormatEx?$AA@ 0000000180021c78     LIBCMT:winapisupp.obj
 0002:00003c88       ??_C@_0BJ@PBCCBIPI@GetUserDefaultLocaleName?$AA@ 0000000180021c88     LIBCMT:winapisupp.obj
 0002:00003ca8       ??_C@_0BC@CELBKLLA@IsValidLocaleName?$AA@ 0000000180021ca8     LIBCMT:winapisupp.obj
 0002:00003cc0       ??_C@_0O@KKBNKAPF@LCMapStringEx?$AA@ 0000000180021cc0     LIBCMT:winapisupp.obj
 0002:00003cd0       ??_C@_0BE@JOGNEJCI@GetCurrentPackageId?$AA@ 0000000180021cd0     LIBCMT:winapisupp.obj
 0002:00003e60       ??_C@_1FK@PGACCAFB@?$AAR?$AA6?$AA0?$AA0?$AA2?$AA?$AN?$AA?6?$AA?9?$AA?5?$AAf?$AAl?$AAo?$AAa?$AAt?$AAi?$AAn?$AAg?$AA?5?$AAp?$AAo?$AAi?$AAn?$AAt?$AA?5?$AAs?$AAu?$AAp?$AAp?$AAo?$AAr?$AAt?$AA?5@ 0000000180021e60     LIBCMT:crt0msg.obj
 0002:00003ec0       ??_C@_1FE@LLNEDJMD@?$AAR?$AA6?$AA0?$AA0?$AA8?$AA?$AN?$AA?6?$AA?9?$AA?5?$AAn?$AAo?$AAt?$AA?5?$AAe?$AAn?$AAo?$AAu?$AAg?$AAh?$AA?5?$AAs?$AAp?$AAa?$AAc?$AAe?$AA?5?$AAf?$AAo?$AAr?$AA?5?$AAa?$AAr@ 0000000180021ec0     LIBCMT:crt0msg.obj
 0002:00003f20       ??_C@_1FI@HONFMGBI@?$AAR?$AA6?$AA0?$AA0?$AA9?$AA?$AN?$AA?6?$AA?9?$AA?5?$AAn?$AAo?$AAt?$AA?5?$AAe?$AAn?$AAo?$AAu?$AAg?$AAh?$AA?5?$AAs?$AAp?$AAa?$AAc?$AAe?$AA?5?$AAf?$AAo?$AAr?$AA?5?$AAe?$AAn@ 0000000180021f20     LIBCMT:crt0msg.obj
 0002:00003f80       ??_C@_1EG@BEHAGFJD@?$AAR?$AA6?$AA0?$AA1?$AA0?$AA?$AN?$AA?6?$AA?9?$AA?5?$AAa?$AAb?$AAo?$AAr?$AAt?$AA?$CI?$AA?$CJ?$AA?5?$AAh?$AAa?$AAs?$AA?5?$AAb?$AAe?$AAe?$AAn?$AA?5?$AAc?$AAa?$AAl?$AAl?$AAe?$AAd@ 0000000180021f80     LIBCMT:crt0msg.obj
 0002:00003fd0       ??_C@_1FI@LOGNIKDM@?$AAR?$AA6?$AA0?$AA1?$AA6?$AA?$AN?$AA?6?$AA?9?$AA?5?$AAn?$AAo?$AAt?$AA?5?$AAe?$AAn?$AAo?$AAu?$AAg?$AAh?$AA?5?$AAs?$AAp?$AAa?$AAc?$AAe?$AA?5?$AAf?$AAo?$AAr?$AA?5?$AAt?$AAh@ 0000000180021fd0     LIBCMT:crt0msg.obj
 0002:00004030       ??_C@_1FK@BEOGODMC@?$AAR?$AA6?$AA0?$AA1?$AA7?$AA?$AN?$AA?6?$AA?9?$AA?5?$AAu?$AAn?$AAe?$AAx?$AAp?$AAe?$AAc?$AAt?$AAe?$AAd?$AA?5?$AAm?$AAu?$AAl?$AAt?$AAi?$AAt?$AAh?$AAr?$AAe?$AAa?$AAd?$AA?5@ 0000000180022030     LIBCMT:crt0msg.obj
 0002:00004090       ??_C@_1EC@JIBHAOPH@?$AAR?$AA6?$AA0?$AA1?$AA8?$AA?$AN?$AA?6?$AA?9?$AA?5?$AAu?$AAn?$AAe?$AAx?$AAp?$AAe?$AAc?$AAt?$AAe?$AAd?$AA?5?$AAh?$AAe?$AAa?$AAp?$AA?5?$AAe?$AAr?$AAr?$AAo?$AAr?$AA?$AN?$AA?6@ 0000000180022090     LIBCMT:crt0msg.obj
 0002:000040e0       ??_C@_1FC@ECHBIFBC@?$AAR?$AA6?$AA0?$AA1?$AA9?$AA?$AN?$AA?6?$AA?9?$AA?5?$AAu?$AAn?$AAa?$AAb?$AAl?$AAe?$AA?5?$AAt?$AAo?$AA?5?$AAo?$AAp?$AAe?$AAn?$AA?5?$AAc?$AAo?$AAn?$AAs?$AAo?$AAl?$AAe?$AA?5@ 00000001800220e0     LIBCMT:crt0msg.obj
 0002:00004140       ??_C@_1GK@FHCKBEFA@?$AAR?$AA6?$AA0?$AA2?$AA4?$AA?$AN?$AA?6?$AA?9?$AA?5?$AAn?$AAo?$AAt?$AA?5?$AAe?$AAn?$AAo?$AAu?$AAg?$AAh?$AA?5?$AAs?$AAp?$AAa?$AAc?$AAe?$AA?5?$AAf?$AAo?$AAr?$AA?5?$AA_?$AAo@ 0000000180022140     LIBCMT:crt0msg.obj
 0002:000041b0       ??_C@_1EM@MAADIHMB@?$AAR?$AA6?$AA0?$AA2?$AA5?$AA?$AN?$AA?6?$AA?9?$AA?5?$AAp?$AAu?$AAr?$AAe?$AA?5?$AAv?$AAi?$AAr?$AAt?$AAu?$AAa?$AAl?$AA?5?$AAf?$AAu?$AAn?$AAc?$AAt?$AAi?$AAo?$AAn?$AA?5?$AAc@ 00000001800221b0     LIBCMT:crt0msg.obj
 0002:00004200       ??_C@_1GK@MCAAGJMO@?$AAR?$AA6?$AA0?$AA2?$AA6?$AA?$AN?$AA?6?$AA?9?$AA?5?$AAn?$AAo?$AAt?$AA?5?$AAe?$AAn?$AAo?$AAu?$AAg?$AAh?$AA?5?$AAs?$AAp?$AAa?$AAc?$AAe?$AA?5?$AAf?$AAo?$AAr?$AA?5?$AAs?$AAt@ 0000000180022200     LIBCMT:crt0msg.obj
 0002:00004270       ??_C@_1GK@MFGOKLAG@?$AAR?$AA6?$AA0?$AA2?$AA7?$AA?$AN?$AA?6?$AA?9?$AA?5?$AAn?$AAo?$AAt?$AA?5?$AAe?$AAn?$AAo?$AAu?$AAg?$AAh?$AA?5?$AAs?$AAp?$AAa?$AAc?$AAe?$AA?5?$AAf?$AAo?$AAr?$AA?5?$AAl?$AAo@ 0000000180022270     LIBCMT:crt0msg.obj
 0002:000042e0       ??_C@_1EK@HHFLMAOL@?$AAR?$AA6?$AA0?$AA2?$AA8?$AA?$AN?$AA?6?$AA?9?$AA?5?$AAu?$AAn?$AAa?$AAb?$AAl?$AAe?$AA?5?$AAt?$AAo?$AA?5?$AAi?$AAn?$AAi?$AAt?$AAi?$AAa?$AAl?$AAi?$AAz?$AAe?$AA?5?$AAh?$AAe@ 00000001800222e0     LIBCMT:crt0msg.obj
 0002:00004330       ??_C@_1DO@BMFCDCD@?$AAR?$AA6?$AA0?$AA3?$AA0?$AA?$AN?$AA?6?$AA?9?$AA?5?$AAC?$AAR?$AAT?$AA?5?$AAn?$AAo?$AAt?$AA?5?$AAi?$AAn?$AAi?$AAt?$AAi?$AAa?$AAl?$AAi?$AAz?$AAe?$AAd?$AA?$AN?$AA?6?$AA?$AA@ 0000000180022330     LIBCMT:crt0msg.obj
 0002:00004370       ??_C@_1MG@ENCOOIDF@?$AAR?$AA6?$AA0?$AA3?$AA1?$AA?$AN?$AA?6?$AA?9?$AA?5?$AAA?$AAt?$AAt?$AAe?$AAm?$AAp?$AAt?$AA?5?$AAt?$AAo?$AA?5?$AAi?$AAn?$AAi?$AAt?$AAi?$AAa?$AAl?$AAi?$AAz?$AAe?$AA?5?$AAt@ 0000000180022370     LIBCMT:crt0msg.obj
 0002:00004440       ??_C@_1GG@GOPILAJP@?$AAR?$AA6?$AA0?$AA3?$AA2?$AA?$AN?$AA?6?$AA?9?$AA?5?$AAn?$AAo?$AAt?$AA?5?$AAe?$AAn?$AAo?$AAu?$AAg?$AAh?$AA?5?$AAs?$AAp?$AAa?$AAc?$AAe?$AA?5?$AAf?$AAo?$AAr?$AA?5?$AAl?$AAo@ 0000000180022440     LIBCMT:crt0msg.obj
 0002:000044b0       ??_C@_1BOO@KGEDBGAJ@?$AAR?$AA6?$AA0?$AA3?$AA3?$AA?$AN?$AA?6?$AA?9?$AA?5?$AAA?$AAt?$AAt?$AAe?$AAm?$AAp?$AAt?$AA?5?$AAt?$AAo?$AA?5?$AAu?$AAs?$AAe?$AA?5?$AAM?$AAS?$AAI?$AAL?$AA?5?$AAc?$AAo?$AAd@ 00000001800224b0     LIBCMT:crt0msg.obj
 0002:000046a0       ??_C@_1GG@MKFPEKFO@?$AAR?$AA6?$AA0?$AA3?$AA4?$AA?$AN?$AA?6?$AA?9?$AA?5?$AAi?$AAn?$AAc?$AAo?$AAn?$AAs?$AAi?$AAs?$AAt?$AAe?$AAn?$AAt?$AA?5?$AAo?$AAn?$AAe?$AAx?$AAi?$AAt?$AA?5?$AAb?$AAe?$AAg@ 00000001800226a0     LIBCMT:crt0msg.obj
 0002:00004708       ??_C@_1BO@BFCDCGC@?$AAD?$AAO?$AAM?$AAA?$AAI?$AAN?$AA?5?$AAe?$AAr?$AAr?$AAo?$AAr?$AA?$AN?$AA?6?$AA?$AA@ 0000000180022708     LIBCMT:crt0msg.obj
 0002:00004728       ??_C@_1BK@KMOMNAAI@?$AAS?$AAI?$AAN?$AAG?$AA?5?$AAe?$AAr?$AAr?$AAo?$AAr?$AA?$AN?$AA?6?$AA?$AA@ 0000000180022728     LIBCMT:crt0msg.obj
 0002:00004748       ??_C@_1BM@JBBEPPHI@?$AAT?$AAL?$AAO?$AAS?$AAS?$AA?5?$AAe?$AAr?$AAr?$AAo?$AAr?$AA?$AN?$AA?6?$AA?$AA@ 0000000180022748     LIBCMT:crt0msg.obj
 0002:00004764       ??_C@_15JNBOKNOG@?$AA?$AN?$AA?6?$AA?$AA@ 0000000180022764     LIBCMT:crt0msg.obj
 0002:00004770       ??_C@_1BO@BKOMIGKJ@?$AAr?$AAu?$AAn?$AAt?$AAi?$AAm?$AAe?$AA?5?$AAe?$AAr?$AAr?$AAo?$AAr?$AA?5?$AA?$AA@ 0000000180022770     LIBCMT:crt0msg.obj
 0002:00004790       ??_C@_1DE@JNGNBFGO@?$AAR?$AAu?$AAn?$AAt?$AAi?$AAm?$AAe?$AA?5?$AAE?$AAr?$AAr?$AAo?$AAr?$AA?$CB?$AA?6?$AA?6?$AAP?$AAr?$AAo?$AAg?$AAr?$AAa?$AAm?$AA?3?$AA?5?$AA?$AA@ 0000000180022790     LIBCMT:crt0msg.obj
 0002:000047c8       ??_C@_1CO@EAEJAADC@?$AA?$DM?$AAp?$AAr?$AAo?$AAg?$AAr?$AAa?$AAm?$AA?5?$AAn?$AAa?$AAm?$AAe?$AA?5?$AAu?$AAn?$AAk?$AAn?$AAo?$AAw?$AAn?$AA?$DO?$AA?$AA@ 00000001800227c8     LIBCMT:crt0msg.obj
 0002:000047f8       ??_C@_17LGKOMLJ@?$AA?4?$AA?4?$AA?4?$AA?$AA@ 00000001800227f8     LIBCMT:crt0msg.obj
 0002:00004800       ??_C@_15IABLJNFO@?$AA?6?$AA?6?$AA?$AA@ 0000000180022800     LIBCMT:crt0msg.obj
 0002:00004810       ??_C@_1EK@MBDPDCGA@?$AAM?$AAi?$AAc?$AAr?$AAo?$AAs?$AAo?$AAf?$AAt?$AA?5?$AAV?$AAi?$AAs?$AAu?$AAa?$AAl?$AA?5?$AAC?$AA?$CL?$AA?$CL?$AA?5?$AAR?$AAu?$AAn?$AAt?$AAi?$AAm?$AAe?$AA?5?$AAL?$AAi?$AAb@ 0000000180022810     LIBCMT:crt0msg.obj
 0002:00004880       ??_C@_1M@HPNHIDJI@?$AAj?$AAa?$AA?9?$AAJ?$AAP?$AA?$AA@ 0000000180022880     LIBCMT:mbctype.obj
 0002:00004890       ??_C@_1M@BIBDDEMK@?$AAz?$AAh?$AA?9?$AAC?$AAN?$AA?$AA@ 0000000180022890     LIBCMT:mbctype.obj
 0002:000048a0       ??_C@_1M@JLOOOEGK@?$AAk?$AAo?$AA?9?$AAK?$AAR?$AA?$AA@ 00000001800228a0     LIBCMT:mbctype.obj
 0002:000048b0       ??_C@_1M@CLNBBOPM@?$AAz?$AAh?$AA?9?$AAT?$AAW?$AA?$AA@ 00000001800228b0     LIBCMT:mbctype.obj
 0002:000048c0       __lookuptable_s            00000001800228c0     LIBCMT:outputs.obj
 0002:0000491c       ??_C@_03KOEHGMDN@Sun?$AA@  000000018002291c     LIBCMT:nlsdata.obj
 0002:00004920       ??_C@_03PDAGKDH@Mon?$AA@   0000000180022920     LIBCMT:nlsdata.obj
 0002:00004924       ??_C@_03NAGEINEP@Tue?$AA@  0000000180022924     LIBCMT:nlsdata.obj
 0002:00004928       ??_C@_03MHOMLAJA@Wed?$AA@  0000000180022928     LIBCMT:nlsdata.obj
 0002:0000492c       ??_C@_03IOFIKPDN@Thu?$AA@  000000018002292c     LIBCMT:nlsdata.obj
 0002:00004930       ??_C@_03IDIOELNC@Fri?$AA@  0000000180022930     LIBCMT:nlsdata.obj
 0002:00004934       ??_C@_03FEFJNEK@Sat?$AA@   0000000180022934     LIBCMT:nlsdata.obj
 0002:00004938       ??_C@_06OOPIFAJ@Sunday?$AA@ 0000000180022938     LIBCMT:nlsdata.obj
 0002:00004940       ??_C@_06JLEDEDGH@Monday?$AA@ 0000000180022940     LIBCMT:nlsdata.obj
 0002:00004948       ??_C@_07BAAGCFCM@Tuesday?$AA@ 0000000180022948     LIBCMT:nlsdata.obj
 0002:00004950       ??_C@_09DLIGFAKA@Wednesday?$AA@ 0000000180022950     LIBCMT:nlsdata.obj
 0002:00004960       ??_C@_08HACCIKIA@Thursday?$AA@ 0000000180022960     LIBCMT:nlsdata.obj
 0002:0000496c       ??_C@_06JECMNKMI@Friday?$AA@ 000000018002296c     LIBCMT:nlsdata.obj
 0002:00004978       ??_C@_08INBOOONO@Saturday?$AA@ 0000000180022978     LIBCMT:nlsdata.obj
 0002:00004984       ??_C@_03JIHJHPIE@Jan?$AA@  0000000180022984     LIBCMT:nlsdata.obj
 0002:00004988       ??_C@_03HJBDCHOM@Feb?$AA@  0000000180022988     LIBCMT:nlsdata.obj
 0002:0000498c       ??_C@_03ODNJBKGA@Mar?$AA@  000000018002298c     LIBCMT:nlsdata.obj
 0002:00004990       ??_C@_03LEOLGMJP@Apr?$AA@  0000000180022990     LIBCMT:nlsdata.obj
 0002:00004994       ??_C@_03CNMDKL@May?$AA@    0000000180022994     LIBCMT:nlsdata.obj
 0002:00004998       ??_C@_03IDFGHECI@Jun?$AA@  0000000180022998     LIBCMT:nlsdata.obj
 0002:0000499c       ??_C@_03LBGABGKK@Jul?$AA@  000000018002299c     LIBCMT:nlsdata.obj
 0002:000049a0       ??_C@_03IFJFEIGA@Aug?$AA@  00000001800229a0     LIBCMT:nlsdata.obj
 0002:000049a4       ??_C@_03GGCAPAJC@Sep?$AA@  00000001800229a4     LIBCMT:nlsdata.obj
 0002:000049a8       ??_C@_03BMAOKBAD@Oct?$AA@  00000001800229a8     LIBCMT:nlsdata.obj
 0002:000049ac       ??_C@_03JPJOFNIA@Nov?$AA@  00000001800229ac     LIBCMT:nlsdata.obj
 0002:000049b0       ??_C@_03MKABNOCG@Dec?$AA@  00000001800229b0     LIBCMT:nlsdata.obj
 0002:000049b8       ??_C@_07CGJPFGJA@January?$AA@ 00000001800229b8     LIBCMT:nlsdata.obj
 0002:000049c0       ??_C@_08GNJGEPFN@February?$AA@ 00000001800229c0     LIBCMT:nlsdata.obj
 0002:000049cc       ??_C@_05HPCKOFNC@March?$AA@ 00000001800229cc     LIBCMT:nlsdata.obj
 0002:000049d4       ??_C@_05DMJDNLEJ@April?$AA@ 00000001800229d4     LIBCMT:nlsdata.obj
 0002:000049dc       ??_C@_04CNLMGBGM@June?$AA@ 00000001800229dc     LIBCMT:nlsdata.obj
 0002:000049e4       ??_C@_04MIEPOIFP@July?$AA@ 00000001800229e4     LIBCMT:nlsdata.obj
 0002:000049ec       ??_C@_06LBBHFDDG@August?$AA@ 00000001800229ec     LIBCMT:nlsdata.obj
 0002:000049f8       ??_C@_09BHHEALKD@September?$AA@ 00000001800229f8     LIBCMT:nlsdata.obj
 0002:00004a08       ??_C@_07JJNFCEND@October?$AA@ 0000000180022a08     LIBCMT:nlsdata.obj
 0002:00004a10       ??_C@_08HCHEGEOA@November?$AA@ 0000000180022a10     LIBCMT:nlsdata.obj
 0002:00004a20       ??_C@_08EDHMEBNP@December?$AA@ 0000000180022a20     LIBCMT:nlsdata.obj
 0002:00004a2c       ??_C@_02DEDBPAFC@AM?$AA@   0000000180022a2c     LIBCMT:nlsdata.obj
 0002:00004a30       ??_C@_02CJNFDJBF@PM?$AA@   0000000180022a30     LIBCMT:nlsdata.obj
 0002:00004a38       ??_C@_08BPBNCDIB@MM?1dd?1yy?$AA@ 0000000180022a38     LIBCMT:nlsdata.obj
 0002:00004a48       ??_C@_0BE@CKGJFCPC@dddd?0?5MMMM?5dd?0?5yyyy?$AA@ 0000000180022a48     LIBCMT:nlsdata.obj
[...]
 0004:000007c8       $pdata$__crtCorExitProcess 000000018002e7c8     LIBCMT:crt0dat.obj
 0004:000007d4       $pdata$__crtExitProcess    000000018002e7d4     LIBCMT:crt0dat.obj
 0004:000007e0       $pdata$__freeCrtMemory     000000018002e7e0     LIBCMT:crt0dat.obj
 0004:000007ec       $pdata$_amsg_exit          000000018002e7ec     LIBCMT:crt0dat.obj
 0004:000007f8       $pdata$_cinit              000000018002e7f8     LIBCMT:crt0dat.obj
 0004:00000804       $pdata$_init_pointers      000000018002e804     LIBCMT:crt0dat.obj
 0004:00000810       $pdata$_initterm           000000018002e810     LIBCMT:crt0dat.obj
 0004:0000081c       $pdata$_initterm_e         000000018002e81c     LIBCMT:crt0dat.obj
 0004:00000828       $pdata$doexit              000000018002e828     LIBCMT:crt0dat.obj
 0004:00000834       $pdata$_call_reportfault   000000018002e834     LIBCMT:invarg.obj
 0004:00000840       $pdata$_invalid_parameter  000000018002e840     LIBCMT:invarg.obj
 0004:0000084c       $pdata$_invalid_parameter_noinfo 000000018002e84c     LIBCMT:invarg.obj
 0004:00000858       $pdata$_invoke_watson      000000018002e858     LIBCMT:invarg.obj
 0004:00000864       $pdata$_fileno             000000018002e864     LIBCMT:fileno.obj
 0004:00000870       $pdata$_close              000000018002e870     LIBCMT:close.obj
 0004:0000087c       $pdata$_close_nolock       000000018002e87c     LIBCMT:close.obj
 0004:00000888       $pdata$__doserrno          000000018002e888     LIBCMT:dosmap.obj
 0004:00000894       $pdata$_dosmaperr          000000018002e894     LIBCMT:dosmap.obj
 0004:000008a0       $pdata$_errno              000000018002e8a0     LIBCMT:dosmap.obj
 0004:000008ac       $pdata$_freebuf            000000018002e8ac     LIBCMT:_freebuf.obj
 0004:000008b8       $pdata$__C_specific_handler 000000018002e8b8     LIBCMT:chandler.obj
 0004:000008c4       $pdata$_commit             000000018002e8c4     LIBCMT:commit.obj
 0004:000008d0       $pdata$_write              000000018002e8d0     LIBCMT:write.obj
 0004:000008dc       $pdata$_write_nolock       000000018002e8dc     LIBCMT:write.obj
 0004:000008e8       $pdata$_getstream          000000018002e8e8     LIBCMT:stream.obj
 0004:000008f4       $pdata$_openfile           000000018002e8f4     LIBCMT:_open.obj
 0004:00000930       $pdata$_ftbuf              000000018002e930     LIBCMT:_sftbuf.obj
 0004:0000093c       $pdata$_stbuf              000000018002e93c     LIBCMT:_sftbuf.obj
 0004:00000948       $pdata$??0_LocaleUpdate@@QEAA@PEAUlocaleinfo_struct@@@Z 000000018002e948     LIBCMT:output.obj
 0004:00000954       $pdata$_output_l           000000018002e954     LIBCMT:output.obj
 0004:00000960       $pdata$write_char          000000018002e960     LIBCMT:output.obj
 0004:0000096c       $pdata$write_multi_char    000000018002e96c     LIBCMT:output.obj
 0004:00000978       $pdata$write_string        000000018002e978     LIBCMT:output.obj
 0004:00000984       $pdata$_ioinit             000000018002e984     LIBCMT:ioinit.obj
 0004:00000990       $pdata$_ioterm             000000018002e990     LIBCMT:ioinit.obj
 0004:0000099c       $pdata$_filbuf             000000018002e99c     LIBCMT:_filbuf.obj
 0004:000009a8       $pdata$memcpy_s            000000018002e9a8     LIBCMT:memcpy_s.obj
 0004:000009b4       $pdata$_read               000000018002e9b4     LIBCMT:read.obj
 0004:000009c0       $pdata$_read_nolock        000000018002e9c0     LIBCMT:read.obj
 0004:000009cc       $pdata$_lseek              000000018002e9cc     LIBCMT:lseek.obj
 0004:000009d8       $pdata$_lseek_nolock       000000018002e9d8     LIBCMT:lseek.obj
 0004:000009e4       $pdata$_lseeki64           000000018002e9e4     LIBCMT:lseeki64.obj
 0004:000009f0       $pdata$_lseeki64_nolock    000000018002e9f0     LIBCMT:lseeki64.obj
 0004:00000a08       $pdata$_flsbuf             000000018002ea08     LIBCMT:_flsbuf.obj
 0004:00000a14       $pdata$_heap_init          000000018002ea14     LIBCMT:heapinit.obj
 0004:00000a20       $pdata$__isa_available_init 000000018002ea20     LIBCMT:cpu_disp.obj
 0004:00000a2c       $pdata$_except1            000000018002ea2c     LIBCMT:fpexcept.obj
 0004:00000a38       $pdata$_handle_exc         000000018002ea38     LIBCMT:fpexcept.obj
 0004:00000a44       $pdata$_handle_qnan1       000000018002ea44     LIBCMT:fpexcept.obj
 0004:00000a50       $pdata$_raise_exc          000000018002ea50     LIBCMT:fpexcept.obj
 0004:00000a5c       $pdata$_raise_exc_ex       000000018002ea5c     LIBCMT:fpexcept.obj
 0004:00000a68       $pdata$_raise_excf         000000018002ea68     LIBCMT:fpexcept.obj
 0004:00000a74       $pdata$_set_errno_from_matherr 000000018002ea74     LIBCMT:fpexcept.obj
 0004:00000a80       $pdata$_umatherr           000000018002ea80     LIBCMT:fpexcept.obj
 0004:00000a8c       $pdata$_clrfp              000000018002ea8c     LIBCMT:fpctrl.obj
 0004:00000a98       $pdata$_ctrlfp             000000018002ea98     LIBCMT:fpctrl.obj
 0004:00000aa4       $pdata$_set_statfp         000000018002eaa4     LIBCMT:fpctrl.obj
 0004:00000ab0       $pdata$_statfp             000000018002eab0     LIBCMT:fpctrl.obj
 0004:00000abc       $pdata$_call_matherr       000000018002eabc     LIBCMT:libm_error.obj
 0004:00000ac8       $pdata$_exception_enabled  000000018002eac8     LIBCMT:libm_error.obj
 0004:00000ad4       $pdata$_handle_error       000000018002ead4     LIBCMT:libm_error.obj
 0004:00000ae0       $pdata$_handle_errorf      000000018002eae0     LIBCMT:libm_error.obj
 0004:00000aec       $pdata$__remainder_piby2f  000000018002eaec     LIBCMT:remainder_piby2f.obj
 0004:00000af8       $pdata$_sincosf_special    000000018002eaf8     LIBCMT:sincos_special.obj
 0004:00000b04       $pdata$__raise_securityfailure 000000018002eb04     LIBCMT:gs_report.obj
 0004:00000b10       $pdata$__report_gsfailure  000000018002eb10     LIBCMT:gs_report.obj
 0004:00000b1c       $pdata$_cfltcvt            000000018002eb1c     LIBCMT:cvt.obj
 0004:00000b28       $pdata$_cfltcvt_l          000000018002eb28     LIBCMT:cvt.obj
 0004:00000b34       $pdata$_cftoa_l            000000018002eb34     LIBCMT:cvt.obj
 0004:00000b40       $pdata$_cftoe2_l           000000018002eb40     LIBCMT:cvt.obj
 0004:00000b4c       $pdata$_cftoe_l            000000018002eb4c     LIBCMT:cvt.obj
 0004:00000b58       $pdata$_cftof2_l           000000018002eb58     LIBCMT:cvt.obj
 0004:00000b64       $pdata$_cftof_l            000000018002eb64     LIBCMT:cvt.obj
 0004:00000b70       $pdata$_cftog_l            000000018002eb70     LIBCMT:cvt.obj
 0004:00000b7c       $pdata$_cropzeros_l        000000018002eb7c     LIBCMT:cvt.obj
 0004:00000b88       $pdata$_fassign_l          000000018002eb88     LIBCMT:cvt.obj
 0004:00000b94       $pdata$_forcdecpt_l        000000018002eb94     LIBCMT:cvt.obj
 0004:00000ba0       $pdata$_initp_misc_cfltcvt_tab 000000018002eba0     LIBCMT:cmiscdat.obj
 0004:00000bac       $pdata$_XcptFilter         000000018002ebac     LIBCMT:winxfltr.obj
 0004:00000bb8       $pdata$_freefls            000000018002ebb8     LIBCMT:tidtable.obj
 0004:00000bc4       $pdata$_freeptd            000000018002ebc4     LIBCMT:tidtable.obj
 0004:00000bd0       $pdata$_getptd             000000018002ebd0     LIBCMT:tidtable.obj
 0004:00000bdc       $pdata$_getptd_noexit      000000018002ebdc     LIBCMT:tidtable.obj
 0004:00000be8       $pdata$_initptd            000000018002ebe8     LIBCMT:tidtable.obj
 0004:00000bf4       $pdata$_mtinit             000000018002ebf4     LIBCMT:tidtable.obj
 0004:00000c00       $pdata$_mtterm             000000018002ec00     LIBCMT:tidtable.obj
 0004:00000c0c       $pdata$_setargv            000000018002ec0c     LIBCMT:stdargv.obj
 0004:00000c18       $pdata$parse_cmdline       000000018002ec18     LIBCMT:stdargv.obj
 0004:00000c24       $pdata$_setenvp            000000018002ec24     LIBCMT:stdenvp.obj
 0004:00000c30       $pdata$__security_init_cookie 000000018002ec30     LIBCMT:gs_support.obj
 0004:00000c3c       $pdata$__crtGetEnvironmentStringsA 000000018002ec3c     LIBCMT:a_env.obj
 0004:00000c48       $pdata$__crtCaptureCurrentContext 000000018002ec48     LIBCMT:winapisupp.obj
 0004:00000c54       $pdata$__crtCapturePreviousContext 000000018002ec54     LIBCMT:winapisupp.obj
 0004:00000c60       $pdata$__crtIsPackagedApp  000000018002ec60     LIBCMT:winapisupp.obj
 0004:00000c6c       $pdata$__crtLoadWinApiPointers 000000018002ec6c     LIBCMT:winapisupp.obj
 0004:00000c78       $pdata$__crtTerminateProcess 000000018002ec78     LIBCMT:winapisupp.obj
 0004:00000c84       $pdata$__crtUnhandledException 000000018002ec84     LIBCMT:winapisupp.obj
 0004:00000c90       $pdata$_RTC_Initialize     000000018002ec90     LIBCMT:initsect.obj
 0004:00000c9c       $pdata$_RTC_Terminate      000000018002ec9c     LIBCMT:initsect.obj
 0004:00000ca8       $pdata$_FF_MSGBANNER       000000018002eca8     LIBCMT:crt0msg.obj
 0004:00000cb4       $pdata$_NMSG_WRITE         000000018002ecb4     LIBCMT:crt0msg.obj
 0004:00000cc0       $pdata$malloc              000000018002ecc0     LIBCMT:malloc.obj
 0004:00000ccc       $pdata$realloc             000000018002eccc     LIBCMT:realloc.obj
 0004:00000cd8       $pdata$_calloc_impl        000000018002ecd8     LIBCMT:calloc_impl.obj
 0004:00000ce4       $pdata$_IsNonwritableInCurrentImage 000000018002ece4     LIBCMT:pesect.obj
 0004:00000cf0       $pdata$__onexitinit        000000018002ecf0     LIBCMT:onexit.obj
 0004:00000cfc       $pdata$_onexit             000000018002ecfc     LIBCMT:onexit.obj
 0004:00000d08       $pdata$atexit              000000018002ed08     LIBCMT:onexit.obj
 0004:00000d14       $pdata$?terminate@@YAXXZ   000000018002ed14     LIBCMT:hooks.obj
 0004:00000d20       $pdata$_initp_eh_hooks     000000018002ed20     LIBCMT:hooks.obj
 0004:00000d2c       $pdata$_callnewh           000000018002ed2c     LIBCMT:handler.obj
 0004:00000d38       $pdata$raise               000000018002ed38     LIBCMT:winsig.obj
 0004:00000d44       $pdata$__initmbctable      000000018002ed44     LIBCMT:mbctype.obj
 0004:00000d50       $pdata$?getSystemCP@@YAHH@Z 000000018002ed50     LIBCMT:mbctype.obj
 0004:00000d5c       $pdata$?setSBCS@@YAXPEAUthreadmbcinfostruct@@@Z 000000018002ed5c     LIBCMT:mbctype.obj
 0004:00000d68       $pdata$?setSBUpLow@@YAXPEAUthreadmbcinfostruct@@@Z 000000018002ed68     LIBCMT:mbctype.obj
 0004:00000d74       $pdata$__updatetmbcinfo    000000018002ed74     LIBCMT:mbctype.obj
 0004:00000d80       $pdata$_setmbcp            000000018002ed80     LIBCMT:mbctype.obj
 0004:00000d8c       $pdata$_setmbcp_nolock     000000018002ed8c     LIBCMT:mbctype.obj
 0004:00000d98       $pdata$__lock_fhandle      000000018002ed98     LIBCMT:osfinfo.obj
 0004:00000da4       $pdata$_alloc_osfhnd       000000018002eda4     LIBCMT:osfinfo.obj
 0004:00000db0       $pdata$_free_osfhnd        000000018002edb0     LIBCMT:osfinfo.obj
 0004:00000dbc       $pdata$_get_osfhandle      000000018002edbc     LIBCMT:osfinfo.obj
 0004:00000dc8       $pdata$_set_osfhnd         000000018002edc8     LIBCMT:osfinfo.obj
 0004:00000dd4       $pdata$_isleadbyte_l       000000018002edd4     LIBCMT:_wctype.obj
 0004:00000de0       $pdata$isleadbyte          000000018002ede0     LIBCMT:_wctype.obj
 0004:00000dec       $pdata$_isatty             000000018002edec     LIBCMT:isatty.obj
 0004:00000df8       $pdata$_mbtowc_l           000000018002edf8     LIBCMT:mbtowc.obj
 0004:00000e04       $pdata$_putwch_nolock      000000018002ee04     LIBCMT:putwch.obj
 0004:00000e10       $pdata$_sopen_helper       000000018002ee10     LIBCMT:open.obj
 0004:00000e1c       $pdata$_sopen_nolock       000000018002ee1c     LIBCMT:open.obj
 0004:00000e28       $pdata$_sopen_s            000000018002ee28     LIBCMT:open.obj
 0004:00000e34       $pdata$_mbsnbcmp_l         000000018002ee34     LIBCMT:mbsnbcmp.obj
 0004:00000e40       $pdata$_mbsnbicmp_l        000000018002ee40     LIBCMT:mbsnbicm.obj
 0004:00000e4c       $pdata$__freetlocinfo      000000018002ee4c     LIBCMT:localref.obj
 0004:00000e58       $pdata$__updatetlocinfo    000000018002ee58     LIBCMT:localref.obj
 0004:00000e64       $pdata$_updatetlocinfoEx_nolock 000000018002ee64     LIBCMT:localref.obj
 0004:00000e7c       $pdata$_wctomb_s_l         000000018002ee7c     LIBCMT:wctomb.obj
 0004:00000e88       $pdata$wctomb_s            000000018002ee88     LIBCMT:wctomb.obj
 0004:00000e94       $pdata$_getbuf             000000018002ee94     LIBCMT:_getbuf.obj
 0004:00000eac       $pdata$isdigit             000000018002eeac     LIBCMT:_ctype.obj
 0004:00000eb8       $pdata$_tolower_l          000000018002eeb8     LIBCMT:tolower.obj
 0004:00000ec4       $pdata$strcpy_s            000000018002eec4     LIBCMT:strcpy_s.obj
 0004:00000ed0       $pdata$strrchr             000000018002eed0     LIBCMT:strrchr.obj
 0004:00000edc       $pdata$_fptostr            000000018002eedc     LIBCMT:_fptostr.obj
 0004:00000ee8       $pdata$_atodbl_l           000000018002eee8     LIBCMT:atodbl.obj
 0004:00000ef4       $pdata$_atoflt_l           000000018002eef4     LIBCMT:atodbl.obj
 0004:00000f00       $pdata$__dtold             000000018002ef00     LIBCMT:cfout.obj
 0004:00000f0c       $pdata$_fltout2            000000018002ef0c     LIBCMT:cfout.obj
 0004:00000f18       $pdata$?x_ismbbtype_l@@YAHPEAUlocaleinfo_struct@@IHH@Z 000000018002ef18     LIBCMT:ismbbyte.obj
 0004:00000f24       $pdata$wcscat_s            000000018002ef24     LIBCMT:wcscat_s.obj
 0004:00000f30       $pdata$wcscpy_s            000000018002ef30     LIBCMT:wcscpy_s.obj
 0004:00000f3c       $pdata$wcsncpy_s           000000018002ef3c     LIBCMT:wcsncpy_s.obj
 0004:00000f48       $pdata$_set_error_mode     000000018002ef48     LIBCMT:errmode.obj
 0004:00000f54       $pdata$__crtMessageBoxW    000000018002ef54     LIBCMT:crtmboxw.obj
 0004:00000f60       $pdata$_msize              000000018002ef60     LIBCMT:msize.obj
 0004:00000f6c       $pdata$abort               000000018002ef6c     LIBCMT:abort.obj
 0004:00000f78       $pdata$GetTableIndexFromLocaleName 000000018002ef78     LIBCMT:winapinls.obj
 0004:00000f84       $pdata$__crtDownlevelLocaleNameToLCID 000000018002ef84     LIBCMT:winapinls.obj
 0004:00000f90       $pdata$__crtLCMapStringEx  000000018002ef90     LIBCMT:winapinls.obj
 0004:00000f9c       $pdata$?__crtLCMapStringA_stat@@YAHPEAUlocaleinfo_struct@@PEB_WKPEBDHPEADHHH@Z 000000018002ef9c     LIBCMT:a_map.obj
 0004:00000fa8       $pdata$__crtLCMapStringA   000000018002efa8     LIBCMT:a_map.obj
 0004:00000fb4       $pdata$?__crtGetStringTypeA_stat@@YAHPEAUlocaleinfo_struct@@KPEBDHPEAGHH@Z 000000018002efb4     LIBCMT:a_str.obj
 0004:00000fc0       $pdata$__crtGetStringTypeA 000000018002efc0     LIBCMT:a_str.obj
 0004:00000fcc       $pdata$__termconout        000000018002efcc     LIBCMT:initcon.obj
 0004:00000fd8       $pdata$__initconout        000000018002efd8     LIBCMT:initcon.obj
 0004:00000fe4       $pdata$__createFile        000000018002efe4     LIBCMT:wopen.obj
 0004:00000ff0       $pdata$_wsopen_nolock      000000018002eff0     LIBCMT:wopen.obj
 0004:00001008       $pdata$_strnicmp           000000018002f008     LIBCMT:strnicmp.obj
 0004:00001014       $pdata$_strnicmp_l         000000018002f014     LIBCMT:strnicmp.obj
 0004:00001020       $pdata$__free_lconv_mon    000000018002f020     LIBCMT:initmon.obj
 0004:0000102c       $pdata$__free_lconv_num    000000018002f02c     LIBCMT:initnum.obj
 0004:00001038       $pdata$__free_lc_time      000000018002f038     LIBCMT:inittime.obj
 0004:00001044       $pdata$_isctype_l          000000018002f044     LIBCMT:isctype.obj
 0004:00001050       $pdata$_locterm            000000018002f050     LIBCMT:wsetloca.obj
 0004:0000105c       $pdata$_ld12tod            000000018002f05c     LIBCMT:intrncvt.obj
 0004:00001068       $pdata$_ld12tof            000000018002f068     LIBCMT:intrncvt.obj
 0004:00001074       $pdata$__strgtold12_l      000000018002f074     LIBCMT:strgtold.obj
 0004:00001080       $pdata$$I10_OUTPUT         000000018002f080     LIBCMT:x10fout.obj
 0004:0000108c       $pdata$_chsize_nolock      000000018002f08c     LIBCMT:chsize.obj
 0004:00001098       $pdata$_get_fmode          000000018002f098     LIBCMT:setmode.obj
 0004:000010a4       $pdata$_setmode_nolock     000000018002f0a4     LIBCMT:setmode.obj
 0004:000010bc       $pdata$__mtold12           000000018002f0bc     LIBCMT:mantold.obj
 0004:000010c8       $pdata$ftell$fin$0         000000018002f0c8     LIBCMT:fclose.obj
 0004:000010c8       $pdata$fflush$fin$0        000000018002f0c8     LIBCMT:fclose.obj
 0004:000010c8       $pdata$fseek$fin$0         000000018002f0c8     LIBCMT:fclose.obj
 0004:000010c8       $pdata$fclose$fin$0        000000018002f0c8     LIBCMT:fclose.obj
 0004:000010d4       $pdata$flsall$fin$0        000000018002f0d4     LIBCMT:fflush.obj
 0004:000010e0       $pdata$flsall$fin$1        000000018002f0e0     LIBCMT:fflush.obj
 0004:000010ec       $pdata$_fsopen$fin$0       000000018002f0ec     LIBCMT:fopen.obj
 0004:000010f8       $pdata$fprintf$fin$0       000000018002f0f8     LIBCMT:fprintf.obj
 0004:00001104       $pdata$fread_s$fin$0       000000018002f104     LIBCMT:fread.obj
 0004:00001110       $pdata$fwrite$fin$0        000000018002f110     LIBCMT:fwrite.obj
 0004:0000111c       $pdata$printf$fin$0        000000018002f11c     LIBCMT:printf.obj
 0004:00001128       $pdata$_CRT_INIT$fin$0     000000018002f128     LIBCMT:dllcrt0.obj
 0004:00001134       $pdata$__DllMainCRTStartup$filt$0 000000018002f134     LIBCMT:dllcrt0.obj
 0004:00001140       $pdata$_getstream$fin$0    000000018002f140     LIBCMT:closeall.obj
 0004:00001140       $pdata$_fcloseall$fin$0    000000018002f140     LIBCMT:closeall.obj
 0004:0000114c       $pdata$_mtinitlocknum$fin$0 000000018002f14c     LIBCMT:mlock.obj
 0004:00001158       $pdata$doexit$fin$0        000000018002f158     LIBCMT:crt0dat.obj
 0004:00001164       $pdata$_close$fin$0        000000018002f164     LIBCMT:close.obj
 0004:00001164       $pdata$_commit$fin$0       000000018002f164     LIBCMT:close.obj
 0004:00001170       $pdata$_ioinit$fin$0       000000018002f170     LIBCMT:ioinit.obj
 0004:0000117c       $pdata$_write$fin$0        000000018002f17c     LIBCMT:read.obj
 0004:0000117c       $pdata$_lseek$fin$0        000000018002f17c     LIBCMT:read.obj
 0004:0000117c       $pdata$_lseeki64$fin$0     000000018002f17c     LIBCMT:read.obj
 0004:0000117c       $pdata$_read$fin$0         000000018002f17c     LIBCMT:read.obj
 0004:00001188       $pdata$_ctrlfp$filt$0      000000018002f188     LIBCMT:fpctrl.obj
 0004:00001194       $pdata$_freefls$fin$1      000000018002f194     LIBCMT:tidtable.obj
 0004:00001194       $pdata$_initptd$fin$1      000000018002f194     LIBCMT:tidtable.obj
 0004:000011a0       $pdata$_freefls$fin$0      000000018002f1a0     LIBCMT:tidtable.obj
 0004:000011a0       $pdata$_initptd$fin$0      000000018002f1a0     LIBCMT:tidtable.obj
 0004:000011ac       $pdata$_IsNonwritableInCurrentImage$filt$0 000000018002f1ac     LIBCMT:pesect.obj
 0004:000011b8       $pdata$_onexit$fin$0       000000018002f1b8     LIBCMT:onexit.obj
 0004:000011c4       $pdata$raise$fin$0         000000018002f1c4     LIBCMT:winsig.obj
 0004:000011d0       $pdata$_setmbcp$fin$0      000000018002f1d0     LIBCMT:mbctype.obj
 0004:000011d0       $pdata$__updatetmbcinfo$fin$0 000000018002f1d0     LIBCMT:mbctype.obj
 0004:000011dc       $pdata$__lock_fhandle$fin$0 000000018002f1dc     LIBCMT:osfinfo.obj
 0004:000011e8       $pdata$_alloc_osfhnd$fin$0 000000018002f1e8     LIBCMT:osfinfo.obj
 0004:000011f4       $pdata$_alloc_osfhnd$fin$1 000000018002f1f4     LIBCMT:osfinfo.obj
 0004:00001200       $pdata$_sopen_helper$fin$0 000000018002f200     LIBCMT:open.obj
 0004:0000120c       $pdata$_locterm$fin$0      000000018002f20c     LIBCMT:wsetloca.obj
 0004:0000120c       $pdata$__updatetlocinfo$fin$0 000000018002f20c     LIBCMT:wsetloca.obj
 0004:00001218       $pdata$??__Edata@walk@animations@@YAXXZ 000000018002f218     game.obj
